******************************************************************************
             TMS320C2000 Linker Unix v16.9.3                   
******************************************************************************
>> Linked Fri Aug 11 16:14:49 2017

OUTPUT FILE NAME:   <Example_2806xEPwmUpDownAQ.out>
ENTRY POINT SYMBOL: "code_start"  address: 00000000


MEMORY CONFIGURATION

         name            origin    length      used     unused   attr    fill
----------------------  --------  ---------  --------  --------  ----  --------
PAGE 0:
  BEGIN                 00000000   00000002  00000002  00000000  RWIX
  RAMM0                 00000050   000003b0  00000309  000000a7  RWIX
  RAML0_L3              00008000   00002000  00000000  00002000  RWIX
  FPUTABLES             003fd860   000006a0  000006a0  00000000  RWIX
  IQTABLES              003fdf00   00000b50  00000000  00000b50  RWIX
  IQTABLES2             003fea50   0000008c  00000000  0000008c  RWIX
  IQTABLES3             003feadc   000000aa  00000000  000000aa  RWIX
  BOOTROM               003ff3b0   00000c10  00000000  00000c10  RWIX
  RESET                 003fffc0   00000002  00000000  00000002  RWIX

PAGE 1:
  BOOT_RSVD             00000002   0000004e  00000000  0000004e  RWIX
  RAMM1                 00000400   00000400  00000200  00000200  RWIX
  DEV_EMU               00000880   00000105  00000004  00000101  RWIX
  SYS_PWR_CTL           00000985   00000003  00000003  00000000  RWIX
  FLASH_REGS            00000a80   00000060  00000008  00000058  RWIX
  CSM                   00000ae0   00000020  00000010  00000010  RWIX
  ADC_RESULT            00000b00   00000020  00000010  00000010  RWIX
  CPU_TIMER0            00000c00   00000008  00000008  00000000  RWIX
  CPU_TIMER1            00000c08   00000008  00000008  00000000  RWIX
  CPU_TIMER2            00000c10   00000008  00000008  00000000  RWIX
  PIE_CTRL              00000ce0   00000020  0000001a  00000006  RWIX
  PIE_VECT              00000d00   00000100  00000100  00000000  RWIX
  DMA                   00001000   00000200  000000e0  00000120  RWIX
  CLA1                  00001400   00000080  00000040  00000040  RWIX
  USB0                  00004000   00001000  00000454  00000bac  RWIX
  McBSPA                00005000   00000040  00000024  0000001c  RWIX
  ECANA                 00006000   00000040  00000034  0000000c  RWIX
  ECANA_LAM             00006040   00000040  00000040  00000000  RWIX
  ECANA_MOTS            00006080   00000040  00000040  00000000  RWIX
  ECANA_MOTO            000060c0   00000040  00000040  00000000  RWIX
  ECANA_MBOX            00006100   00000100  00000100  00000000  RWIX
  COMP1                 00006400   00000020  00000014  0000000c  RWIX
  COMP2                 00006420   00000020  00000014  0000000c  RWIX
  COMP3                 00006440   00000020  00000014  0000000c  RWIX
  EPWM1                 00006800   00000040  00000040  00000000  RWIX
  EPWM2                 00006840   00000040  00000040  00000000  RWIX
  EPWM3                 00006880   00000040  00000040  00000000  RWIX
  EPWM4                 000068c0   00000040  00000040  00000000  RWIX
  EPWM5                 00006900   00000040  00000040  00000000  RWIX
  EPWM6                 00006940   00000040  00000040  00000000  RWIX
  EPWM7                 00006980   00000040  00000040  00000000  RWIX
  EPWM8                 000069c0   00000040  00000040  00000000  RWIX
  ECAP1                 00006a00   00000020  00000020  00000000  RWIX
  ECAP2                 00006a20   00000020  00000020  00000000  RWIX
  ECAP3                 00006a40   00000020  00000020  00000000  RWIX
  HRCAP1                00006ac0   00000020  00000020  00000000  RWIX
  HRCAP2                00006ae0   00000020  00000020  00000000  RWIX
  EQEP1                 00006b00   00000040  00000022  0000001e  RWIX
  EQEP2                 00006b40   00000040  00000022  0000001e  RWIX
  HRCAP3                00006c80   00000020  00000020  00000000  RWIX
  HRCAP4                00006ca0   00000020  00000020  00000000  RWIX
  GPIOCTRL              00006f80   00000040  00000040  00000000  RWIX
  GPIODAT               00006fc0   00000020  00000020  00000000  RWIX
  GPIOINT               00006fe0   00000020  00000020  00000000  RWIX
  SYSTEM                00007010   00000030  00000030  00000000  RWIX
  SPIA                  00007040   00000010  00000010  00000000  RWIX
  SCIA                  00007050   00000010  00000010  00000000  RWIX
  NMIINTRUPT            00007060   00000010  00000010  00000000  RWIX
  XINTRUPT              00007070   00000010  00000010  00000000  RWIX
  ADC                   00007100   00000080  00000050  00000030  RWIX
  SPIB                  00007740   00000010  00000010  00000000  RWIX
  SCIB                  00007750   00000010  00000010  00000000  RWIX
  I2CA                  00007900   00000040  00000022  0000001e  RWIX
  RAML4                 0000a000   00002000  00000eb4  0000114c  RWIX
  RAML5                 0000c000   00002000  00000000  00002000  RWIX
  RAML6                 0000e000   00002000  00000000  00002000  RWIX
  RAML7                 00010000   00002000  00000000  00002000  RWIX
  RAML8                 00012000   00002000  00000000  00002000  RWIX
  USB_RAM               00040000   00000800  00000000  00000800  RWIX
  PARTID                003d7e80   00000001  00000001  00000000  RWIX
  CSM_PWL               003f7ff8   00000008  00000008  00000000  RWIX


SECTION ALLOCATION MAP

 output                                  attributes/
section   page    origin      length       input sections
--------  ----  ----------  ----------   ----------------
codestart 
*          0    00000000    00000002     
                  00000000    00000002     F2806x_CodeStartBranch.obj (codestart)

.text      0    00000000    000038c1     FAILED TO ALLOCATE
.cinit     0    00000050    00000305     
                  00000050    000001b1     main.obj (.cinit)
                  00000201    000000c8     Core_Speed_Calc.obj (.cinit)
                  000002c9    0000003a     I2C_eeprom.obj (.cinit)
                  00000303    00000014     switching_irq.obj (.cinit)
                  00000317    00000011     trip_proc.obj (.cinit)
                  00000328    0000000e     rts2800_fpu32.lib : exit.obj (.cinit)
                  00000336    00000005     MonitorProc.obj (.cinit)
                  0000033b    00000005     rts2800_fpu32.lib : _lock.obj (.cinit:__lock)
                  00000340    00000005                       : _lock.obj (.cinit:__unlock)
                  00000345    00000005     common_module.obj (.cinit)
                  0000034a    00000005     vf_contol.obj (.cinit)
                  0000034f    00000004     rts2800_fpu32.lib : errno.obj (.cinit)
                  00000353    00000002     --HOLE-- [fill = 0]

ramfuncs   0    00000355    00000004     
                  00000355    00000004     F2806x_usDelay.obj (ramfuncs)

.pinit     0    00000050    00000000     UNINITIALIZED

.reset     0    003fffc0    00000002     DSECT
                  003fffc0    00000002     rts2800_fpu32.lib : boot28.obj (.reset)

.stack     1    00000400    00000200     UNINITIALIZED
                  00000400    00000200     --HOLE--

.econst    1    0000a000    00000a10     
                  0000a000    00000579     code_group_all.obj (.econst:.string)
                  0000a579    00000001     --HOLE-- [fill = 0]
                  0000a57a    00000102     code_proc.obj (.econst:.string)
                  0000a67c    00000101     rts2800_fpu32.lib : ctype.obj (.econst:.string:__ctypes_)
                  0000a77d    00000001     --HOLE-- [fill = 0]
                  0000a77e    000000bc     common_module.obj (.econst:.string)
                  0000a83a    00000083     trip_proc.obj (.econst:.string)
                  0000a8bd    00000001     --HOLE-- [fill = 0]
                  0000a8be    00000041     vf_contol.obj (.econst:.string)
                  0000a8ff    00000001     --HOLE-- [fill = 0]
                  0000a900    00000032     main.obj (.econst:.string)
                  0000a932    0000002f     Set_Par.obj (.econst:.string)
                  0000a961    00000001     --HOLE-- [fill = 0]
                  0000a962    00000026     I2C_eeprom.obj (.econst:.string)
                  0000a988    00000026     rts2800_fpu32.lib : _printfi.obj (.econst:.string)
                  0000a9ae    0000001c                       : _printfi.obj (.econst)
                  0000a9ca    0000001c                       : s_scalbn.obj (.econst)
                  0000a9e6    00000010     digital_inout.obj (.econst:.string)
                  0000a9f6    0000000f     MonitorProc.obj (.econst:.string)
                  0000aa05    00000001     --HOLE-- [fill = 0]
                  0000aa06    00000008     rts2800_fpu32.lib : s_frexp.obj (.econst)
                  0000aa0e    00000002                       : s_floorf.obj (.econst)

.ebss      1    0000aa10    000004a4     UNINITIALIZED
                  0000aa10    00000018     F2806x_CpuTimers.obj (.ebss)
                  0000aa28    00000006     SVM.obj (.ebss)
                  0000aa2e    00000006     rts2800_fpu32.lib : exit.obj (.ebss)
                  0000aa34    00000006     trip_proc.obj (.ebss)
                  0000aa3a    00000005     switching_irq.obj (.ebss)
                  0000aa3f    00000001     rts2800_fpu32.lib : errno.obj (.ebss)
                  0000aa40    00000392     main.obj (.ebss)
                  0000add2    00000002     MonitorProc.obj (.ebss)
                  0000add4    00000002     RefFunc.obj (.ebss)
                  0000add6    00000002     rts2800_fpu32.lib : _lock.obj (.ebss:__lock)
                  0000add8    00000002                       : _lock.obj (.ebss:__unlock)
                  0000adda    00000002     common_module.obj (.ebss)
                  0000addc    00000002     vf_contol.obj (.ebss)
                  0000adde    00000022     --HOLE--
                  0000ae00    00000060     Core_Speed_Calc.obj (.ebss)
                  0000ae60    00000020     --HOLE--
                  0000ae80    00000034     I2C_eeprom.obj (.ebss)

FPUmathTables 
*          0    003fd860    000006a0     NOLOAD SECTION
                  003fd860    000006a0     rts2800_fpu32_fast_supplement.lib : FPUmathTables.obj (FPUmathTables)

DevEmuRegsFile 
*          1    00000880    00000004     UNINITIALIZED
                  00000880    00000004     F2806x_GlobalVariableDefs.obj (DevEmuRegsFile)

SysPwrCtrlRegsFile 
*          1    00000985    00000003     UNINITIALIZED
                  00000985    00000003     F2806x_GlobalVariableDefs.obj (SysPwrCtrlRegsFile)

FlashRegsFile 
*          1    00000a80    00000008     UNINITIALIZED
                  00000a80    00000008     F2806x_GlobalVariableDefs.obj (FlashRegsFile)

CsmRegsFile 
*          1    00000ae0    00000010     UNINITIALIZED
                  00000ae0    00000010     F2806x_GlobalVariableDefs.obj (CsmRegsFile)

AdcResultFile 
*          1    00000b00    00000010     UNINITIALIZED
                  00000b00    00000010     F2806x_GlobalVariableDefs.obj (AdcResultFile)

CpuTimer0RegsFile 
*          1    00000c00    00000008     UNINITIALIZED
                  00000c00    00000008     F2806x_GlobalVariableDefs.obj (CpuTimer0RegsFile)

CpuTimer1RegsFile 
*          1    00000c08    00000008     UNINITIALIZED
                  00000c08    00000008     F2806x_GlobalVariableDefs.obj (CpuTimer1RegsFile)

CpuTimer2RegsFile 
*          1    00000c10    00000008     UNINITIALIZED
                  00000c10    00000008     F2806x_GlobalVariableDefs.obj (CpuTimer2RegsFile)

PieCtrlRegsFile 
*          1    00000ce0    0000001a     UNINITIALIZED
                  00000ce0    0000001a     F2806x_GlobalVariableDefs.obj (PieCtrlRegsFile)

PieVectTableFile 
*          1    00000d00    00000100     UNINITIALIZED
                  00000d00    00000100     F2806x_GlobalVariableDefs.obj (PieVectTableFile)

EmuKeyVar 
*          1    00000d00    00000001     UNINITIALIZED
                  00000d00    00000001     F2806x_GlobalVariableDefs.obj (EmuKeyVar)

EmuBModeVar 
*          1    00000d01    00000001     UNINITIALIZED
                  00000d01    00000001     F2806x_GlobalVariableDefs.obj (EmuBModeVar)

FlashCallbackVar 
*          1    00000d02    00000002     UNINITIALIZED
                  00000d02    00000002     F2806x_GlobalVariableDefs.obj (FlashCallbackVar)

FlashScalingVar 
*          1    00000d04    00000002     UNINITIALIZED
                  00000d04    00000002     F2806x_GlobalVariableDefs.obj (FlashScalingVar)

DmaRegsFile 
*          1    00001000    000000e0     UNINITIALIZED
                  00001000    000000e0     F2806x_GlobalVariableDefs.obj (DmaRegsFile)

Cla1RegsFile 
*          1    00001400    00000040     UNINITIALIZED
                  00001400    00000040     F2806x_GlobalVariableDefs.obj (Cla1RegsFile)

Usb0RegsFile 
*          1    00004000    00000454     UNINITIALIZED
                  00004000    00000454     F2806x_GlobalVariableDefs.obj (Usb0RegsFile)

McbspaRegsFile 
*          1    00005000    00000024     UNINITIALIZED
                  00005000    00000024     F2806x_GlobalVariableDefs.obj (McbspaRegsFile)

ECanaRegsFile 
*          1    00006000    00000034     UNINITIALIZED
                  00006000    00000034     F2806x_GlobalVariableDefs.obj (ECanaRegsFile)

ECanaLAMRegsFile 
*          1    00006040    00000040     UNINITIALIZED
                  00006040    00000040     F2806x_GlobalVariableDefs.obj (ECanaLAMRegsFile)

ECanaMOTSRegsFile 
*          1    00006080    00000040     UNINITIALIZED
                  00006080    00000040     F2806x_GlobalVariableDefs.obj (ECanaMOTSRegsFile)

ECanaMOTORegsFile 
*          1    000060c0    00000040     UNINITIALIZED
                  000060c0    00000040     F2806x_GlobalVariableDefs.obj (ECanaMOTORegsFile)

ECanaMboxesFile 
*          1    00006100    00000100     UNINITIALIZED
                  00006100    00000100     F2806x_GlobalVariableDefs.obj (ECanaMboxesFile)

Comp1RegsFile 
*          1    00006400    00000014     UNINITIALIZED
                  00006400    00000014     F2806x_GlobalVariableDefs.obj (Comp1RegsFile)

Comp2RegsFile 
*          1    00006420    00000014     UNINITIALIZED
                  00006420    00000014     F2806x_GlobalVariableDefs.obj (Comp2RegsFile)

Comp3RegsFile 
*          1    00006440    00000014     UNINITIALIZED
                  00006440    00000014     F2806x_GlobalVariableDefs.obj (Comp3RegsFile)

EPwm1RegsFile 
*          1    00006800    00000040     UNINITIALIZED
                  00006800    00000040     F2806x_GlobalVariableDefs.obj (EPwm1RegsFile)

EPwm2RegsFile 
*          1    00006840    00000040     UNINITIALIZED
                  00006840    00000040     F2806x_GlobalVariableDefs.obj (EPwm2RegsFile)

EPwm3RegsFile 
*          1    00006880    00000040     UNINITIALIZED
                  00006880    00000040     F2806x_GlobalVariableDefs.obj (EPwm3RegsFile)

EPwm4RegsFile 
*          1    000068c0    00000040     UNINITIALIZED
                  000068c0    00000040     F2806x_GlobalVariableDefs.obj (EPwm4RegsFile)

EPwm5RegsFile 
*          1    00006900    00000040     UNINITIALIZED
                  00006900    00000040     F2806x_GlobalVariableDefs.obj (EPwm5RegsFile)

EPwm6RegsFile 
*          1    00006940    00000040     UNINITIALIZED
                  00006940    00000040     F2806x_GlobalVariableDefs.obj (EPwm6RegsFile)

EPwm7RegsFile 
*          1    00006980    00000040     UNINITIALIZED
                  00006980    00000040     F2806x_GlobalVariableDefs.obj (EPwm7RegsFile)

EPwm8RegsFile 
*          1    000069c0    00000040     UNINITIALIZED
                  000069c0    00000040     F2806x_GlobalVariableDefs.obj (EPwm8RegsFile)

ECap1RegsFile 
*          1    00006a00    00000020     UNINITIALIZED
                  00006a00    00000020     F2806x_GlobalVariableDefs.obj (ECap1RegsFile)

ECap2RegsFile 
*          1    00006a20    00000020     UNINITIALIZED
                  00006a20    00000020     F2806x_GlobalVariableDefs.obj (ECap2RegsFile)

ECap3RegsFile 
*          1    00006a40    00000020     UNINITIALIZED
                  00006a40    00000020     F2806x_GlobalVariableDefs.obj (ECap3RegsFile)

HRCap1RegsFile 
*          1    00006ac0    00000020     UNINITIALIZED
                  00006ac0    00000020     F2806x_GlobalVariableDefs.obj (HRCap1RegsFile)

HRCap2RegsFile 
*          1    00006ae0    00000020     UNINITIALIZED
                  00006ae0    00000020     F2806x_GlobalVariableDefs.obj (HRCap2RegsFile)

EQep1RegsFile 
*          1    00006b00    00000022     UNINITIALIZED
                  00006b00    00000022     F2806x_GlobalVariableDefs.obj (EQep1RegsFile)

EQep2RegsFile 
*          1    00006b40    00000022     UNINITIALIZED
                  00006b40    00000022     F2806x_GlobalVariableDefs.obj (EQep2RegsFile)

HRCap3RegsFile 
*          1    00006c80    00000020     UNINITIALIZED
                  00006c80    00000020     F2806x_GlobalVariableDefs.obj (HRCap3RegsFile)

HRCap4RegsFile 
*          1    00006ca0    00000020     UNINITIALIZED
                  00006ca0    00000020     F2806x_GlobalVariableDefs.obj (HRCap4RegsFile)

GpioCtrlRegsFile 
*          1    00006f80    00000040     UNINITIALIZED
                  00006f80    00000040     F2806x_GlobalVariableDefs.obj (GpioCtrlRegsFile)

GpioDataRegsFile 
*          1    00006fc0    00000020     UNINITIALIZED
                  00006fc0    00000020     F2806x_GlobalVariableDefs.obj (GpioDataRegsFile)

GpioIntRegsFile 
*          1    00006fe0    00000020     UNINITIALIZED
                  00006fe0    00000020     F2806x_GlobalVariableDefs.obj (GpioIntRegsFile)

SysCtrlRegsFile 
*          1    00007010    00000030     UNINITIALIZED
                  00007010    00000030     F2806x_GlobalVariableDefs.obj (SysCtrlRegsFile)

SpiaRegsFile 
*          1    00007040    00000010     UNINITIALIZED
                  00007040    00000010     F2806x_GlobalVariableDefs.obj (SpiaRegsFile)

SciaRegsFile 
*          1    00007050    00000010     UNINITIALIZED
                  00007050    00000010     F2806x_GlobalVariableDefs.obj (SciaRegsFile)

NmiIntruptRegsFile 
*          1    00007060    00000010     UNINITIALIZED
                  00007060    00000010     F2806x_GlobalVariableDefs.obj (NmiIntruptRegsFile)

XIntruptRegsFile 
*          1    00007070    00000010     UNINITIALIZED
                  00007070    00000010     F2806x_GlobalVariableDefs.obj (XIntruptRegsFile)

AdcRegsFile 
*          1    00007100    00000050     UNINITIALIZED
                  00007100    00000050     F2806x_GlobalVariableDefs.obj (AdcRegsFile)

SpibRegsFile 
*          1    00007740    00000010     UNINITIALIZED
                  00007740    00000010     F2806x_GlobalVariableDefs.obj (SpibRegsFile)

ScibRegsFile 
*          1    00007750    00000010     UNINITIALIZED
                  00007750    00000010     F2806x_GlobalVariableDefs.obj (ScibRegsFile)

I2caRegsFile 
*          1    00007900    00000022     UNINITIALIZED
                  00007900    00000022     F2806x_GlobalVariableDefs.obj (I2caRegsFile)

PartIdRegsFile 
*          1    003d7e80    00000001     UNINITIALIZED
                  003d7e80    00000001     F2806x_GlobalVariableDefs.obj (PartIdRegsFile)

CsmPwlFile 
*          1    003f7ff8    00000008     UNINITIALIZED
                  003f7ff8    00000008     F2806x_GlobalVariableDefs.obj (CsmPwlFile)

MODULE SUMMARY

       Module                          code   initialized data   uninitialized data
       ------                          ----   ----------------   ------------------
    ./
       F2806x_GlobalVariableDefs.obj   0      0                  3550              
       code_group_all.obj              0      1401               0                 
       main.obj                        0      483                914               
       Core_Speed_Calc.obj             0      200                96                
       code_proc.obj                   0      258                0                 
       common_module.obj               0      193                2                 
       trip_proc.obj                   0      148                6                 
       I2C_eeprom.obj                  0      96                 52                
       vf_contol.obj                   0      70                 2                 
       Set_Par.obj                     0      47                 0                 
       switching_irq.obj               0      20                 5                 
       F2806x_CpuTimers.obj            0      0                  24                
       MonitorProc.obj                 0      20                 2                 
       digital_inout.obj               0      16                 0                 
       SVM.obj                         0      0                  6                 
       F2806x_usDelay.obj              4      0                  0                 
       F2806x_CodeStartBranch.obj      2      0                  0                 
       RefFunc.obj                     0      0                  2                 
    +--+-------------------------------+------+------------------+--------------------+
       Total:                          6      2952               4661              
                                                                                   
    /home/eunwho/ti/c2000/C2000Ware_1_00_01_00/libraries/math/FPUfastRTS/c28/lib/rts2800_fpu32_fast_supplement.lib
       FPUmathTables.obj               0      1696               0                 
    +--+-------------------------------+------+------------------+--------------------+
       Total:                          0      1696               0                 
                                                                                   
    /home/eunwho/ti/ccsv7/tools/compiler/ti-cgt-c2000_16.9.3.LTS/lib/rts2800_fpu32.lib
       ctype.obj                       0      257                0                 
       _printfi.obj                    0      66                 0                 
       s_scalbn.obj                    0      28                 0                 
       exit.obj                        0      14                 6                 
       _lock.obj                       0      10                 4                 
       s_frexp.obj                     0      8                  0                 
       errno.obj                       0      4                  1                 
       s_floorf.obj                    0      2                  0                 
    +--+-------------------------------+------+------------------+--------------------+
       Total:                          0      389                11                
                                                                                   
       Stack:                          0      0                  512               
    +--+-------------------------------+------+------------------+--------------------+
       Grand Total:                    6      5037               5184              


GLOBAL DATA SYMBOLS: SORTED BY DATA PAGE

address     data page           name
--------    ----------------    ----
00000400      10 (00000400)     __stack

00000880      22 (00000880)     _DevEmuRegs

00000985      26 (00000980)     _SysPwrCtrlRegs

00000a80      2a (00000a80)     _FlashRegs

00000ae0      2b (00000ac0)     _CsmRegs

00000b00      2c (00000b00)     _AdcResult

00000c00      30 (00000c00)     _CpuTimer0Regs
00000c08      30 (00000c00)     _CpuTimer1Regs
00000c10      30 (00000c00)     _CpuTimer2Regs

00000ce0      33 (00000cc0)     _PieCtrlRegs

00000d00      34 (00000d00)     _EmuKey
00000d00      34 (00000d00)     _PieVectTable
00000d01      34 (00000d00)     _EmuBMode
00000d02      34 (00000d00)     _Flash_CallbackPtr
00000d04      34 (00000d00)     _Flash_CPUScaleFactor

00001000      40 (00001000)     _DmaRegs

00001400      50 (00001400)     _Cla1Regs

00004000     100 (00004000)     _Usb0Regs

00005000     140 (00005000)     _McbspaRegs

00006000     180 (00006000)     _ECanaRegs

00006040     181 (00006040)     _ECanaLAMRegs

00006080     182 (00006080)     _ECanaMOTSRegs

000060c0     183 (000060c0)     _ECanaMOTORegs

00006100     184 (00006100)     _ECanaMboxes

00006400     190 (00006400)     _Comp1Regs
00006420     190 (00006400)     _Comp2Regs

00006440     191 (00006440)     _Comp3Regs

00006800     1a0 (00006800)     _EPwm1Regs

00006840     1a1 (00006840)     _EPwm2Regs

00006880     1a2 (00006880)     _EPwm3Regs

000068c0     1a3 (000068c0)     _EPwm4Regs

00006900     1a4 (00006900)     _EPwm5Regs

00006940     1a5 (00006940)     _EPwm6Regs

00006980     1a6 (00006980)     _EPwm7Regs

000069c0     1a7 (000069c0)     _EPwm8Regs

00006a00     1a8 (00006a00)     _ECap1Regs
00006a20     1a8 (00006a00)     _ECap2Regs

00006a40     1a9 (00006a40)     _ECap3Regs

00006ac0     1ab (00006ac0)     _HRCap1Regs
00006ae0     1ab (00006ac0)     _HRCap2Regs

00006b00     1ac (00006b00)     _EQep1Regs

00006b40     1ad (00006b40)     _EQep2Regs

00006c80     1b2 (00006c80)     _HRCap3Regs
00006ca0     1b2 (00006c80)     _HRCap4Regs

00006f80     1be (00006f80)     _GpioCtrlRegs

00006fc0     1bf (00006fc0)     _GpioDataRegs
00006fe0     1bf (00006fc0)     _GpioIntRegs

00007010     1c0 (00007000)     _SysCtrlRegs

00007040     1c1 (00007040)     _SpiaRegs
00007050     1c1 (00007040)     _SciaRegs
00007060     1c1 (00007040)     _NmiIntruptRegs
00007070     1c1 (00007040)     _XIntruptRegs

00007100     1c4 (00007100)     _AdcRegs

00007740     1dd (00007740)     _SpibRegs
00007750     1dd (00007740)     _ScibRegs

00007900     1e4 (00007900)     _I2caRegs

0000a67c     299 (0000a640)     __ctypes_

0000aa10     2a8 (0000aa00)     _CpuTimer1
0000aa18     2a8 (0000aa00)     _CpuTimer2
0000aa20     2a8 (0000aa00)     _CpuTimer0
0000aa28     2a8 (0000aa00)     _T_d
0000aa2a     2a8 (0000aa00)     _Dd
0000aa2c     2a8 (0000aa00)     _delta_Tc
0000aa2e     2a8 (0000aa00)     ___TI_enable_exit_profile_output
0000aa30     2a8 (0000aa00)     ___TI_cleanup_ptr
0000aa32     2a8 (0000aa00)     ___TI_dtors_ptr
0000aa38     2a8 (0000aa00)     _code_over_volt_set
0000aa3a     2a8 (0000aa00)     _dac_ch4
0000aa3c     2a8 (0000aa00)     _dac_ch2
0000aa3d     2a8 (0000aa00)     _dac_ch3
0000aa3e     2a8 (0000aa00)     _dac_ch1
0000aa3f     2a8 (0000aa00)     _errno

0000aa40     2a9 (0000aa40)     _adcIgbtTemperature
0000aa41     2a9 (0000aa40)     _adcExSensor
0000aa42     2a9 (0000aa40)     _gTripSavePoint
0000aa43     2a9 (0000aa40)     _adcVdc
0000aa44     2a9 (0000aa40)     _adcIuPhase
0000aa45     2a9 (0000aa40)     _adcIvPhase
0000aa46     2a9 (0000aa40)     _EepromSaveFlag
0000aa47     2a9 (0000aa40)     _MAX_PWM_CNT
0000aa48     2a9 (0000aa40)     _gTripFlag
0000aa49     2a9 (0000aa40)     _gRunFlag
0000aa4a     2a9 (0000aa40)     _gTripSaveFlag
0000aa4b     2a9 (0000aa40)     _relay_flag
0000aa4c     2a9 (0000aa40)     _gSciaTxEndFlag
0000aa4d     2a9 (0000aa40)     _giSciCmdFunction
0000aa4e     2a9 (0000aa40)     _gSciaTxOutPoint
0000aa4f     2a9 (0000aa40)     _gSciInFlag
0000aa50     2a9 (0000aa40)     _gSciaTxInPoint
0000aa51     2a9 (0000aa40)     _gStartInitFinish
0000aa52     2a9 (0000aa40)     _gDeChargeFlag
0000aa53     2a9 (0000aa40)     _gPWMTripCode
0000aa54     2a9 (0000aa40)     _gControlMode
0000aa55     2a9 (0000aa40)     _gMachineState
0000aa56     2a9 (0000aa40)     _gAutoTuningSelect
0000aa57     2a9 (0000aa40)     _giSciCmdAddr
0000aa58     2a9 (0000aa40)     _code_dac_select_ch2
0000aa59     2a9 (0000aa40)     _code_dac_select_ch3
0000aa5a     2a9 (0000aa40)     _code_dac_select_ch1
0000aa5b     2a9 (0000aa40)     _code_protect_CONV_adc_off
0000aa5c     2a9 (0000aa40)     _code_use_binary_input
0000aa5d     2a9 (0000aa40)     _code_protect_IGBT2_off
0000aa5e     2a9 (0000aa40)     _adc_S_offset
0000aa5f     2a9 (0000aa40)     _wr_ctrl_index
0000aa60     2a9 (0000aa40)     _adc_R_offset
0000aa61     2a9 (0000aa40)     _adc_u_offset
0000aa62     2a9 (0000aa40)     _adc_v_offset
0000aa63     2a9 (0000aa40)     _code_dac_select_ch4
0000aa64     2a9 (0000aa40)     _ramp_func_mode
0000aa65     2a9 (0000aa40)     _code_protect_inhibit_on
0000aa66     2a9 (0000aa40)     _motor_direction_change
0000aa67     2a9 (0000aa40)     _run_input_select
0000aa68     2a9 (0000aa40)     _motor_ctrl_mode
0000aa69     2a9 (0000aa40)     _Flag_TripDataBackup
0000aa6a     2a9 (0000aa40)     _code_protect_IGBT_off
0000aa6b     2a9 (0000aa40)     _code_protect_ex_trip_off
0000aa6c     2a9 (0000aa40)     _code_protect_over_I_off
0000aa6d     2a9 (0000aa40)     _code_protect_ov_off
0000aa6e     2a9 (0000aa40)     _code_protect_Iadc_off
0000aa6f     2a9 (0000aa40)     _code_protect_uv_off
0000aa71     2a9 (0000aa40)     _protect_reg
0000aa72     2a9 (0000aa40)     _cmdtest
0000aa73     2a9 (0000aa40)     _terminal_input_state
0000aa74     2a9 (0000aa40)     _timer0_count
0000aa75     2a9 (0000aa40)     _scic_rx_msg_flag
0000aa76     2a9 (0000aa40)     _scib_rx_msg_flag
0000aa77     2a9 (0000aa40)     _init_charge_flag
0000aa78     2a9 (0000aa40)     _code_dac_scale_ch2
0000aa7a     2a9 (0000aa40)     _code_dac_offset_ch3
0000aa7c     2a9 (0000aa40)     _jog_speed
0000aa7e     2a9 (0000aa40)     _code_dac_offset_ch2

0000aa80     2aa (0000aa80)     _min_vf_ref
0000aa82     2aa (0000aa80)     _code_dac_offset_ch1
0000aa84     2aa (0000aa80)     _over_speed_level
0000aa86     2aa (0000aa80)     _under_volt_set
0000aa88     2aa (0000aa80)     _pre_charge_time
0000aa8a     2aa (0000aa80)     _e_thermal_level
0000aa8c     2aa (0000aa80)     _Is_Max_Coeff
0000aa8e     2aa (0000aa80)     _code_dac_scale_ch4
0000aa90     2aa (0000aa80)     _code_dac_scale_ch3
0000aa92     2aa (0000aa80)     _over_current_level
0000aa94     2aa (0000aa80)     _code_dac_offset_ch4
0000aa96     2aa (0000aa80)     _code_speed2
0000aa98     2aa (0000aa80)     _code_speed1
0000aa9a     2aa (0000aa80)     _code_speed4
0000aa9c     2aa (0000aa80)     _code_speed3
0000aa9e     2aa (0000aa80)     _rpm_Coeff
0000aaa0     2aa (0000aa80)     _wm_rat
0000aaa2     2aa (0000aa80)     _wr_rat
0000aaa4     2aa (0000aa80)     _Vdc_fnd_data
0000aaa6     2aa (0000aa80)     _analog_cmd_in_zero2
0000aaa8     2aa (0000aa80)     _analog_cmd_in_span1
0000aaaa     2aa (0000aa80)     _code_dac_scale_ch1
0000aaac     2aa (0000aa80)     _analog_cmd_in_span2
0000aaae     2aa (0000aa80)     _analog_cmd_in_zero1
0000aab0     2aa (0000aa80)     _code_speed5
0000aab2     2aa (0000aa80)     _Fs_rat
0000aab4     2aa (0000aa80)     _rpm_ref
0000aab6     2aa (0000aa80)     _VF_Freq_TrqBoost
0000aab8     2aa (0000aa80)     _VF_Fs_Coeff
0000aaba     2aa (0000aa80)     _VF_Vs_Coeff_TrqBoost
0000aabc     2aa (0000aa80)     _VF_IR_Comp_FilterPole
0000aabe     2aa (0000aa80)     _VF_Rs_ThermalCoeff

0000aac0     2ab (0000aac0)     _R_phase_I_sense_span
0000aac2     2ab (0000aac0)     _S_phase_I_sense_span
0000aac4     2ab (0000aac0)     _VF_ExcitationTime
0000aac6     2ab (0000aac0)     _VF_DeadTimeGain
0000aac8     2ab (0000aac0)     _GainUpdateTimer
0000aaca     2ab (0000aac0)     _Data_Init
0000aacc     2ab (0000aac0)     _Vs_Coeff_Leq_Req
0000aace     2ab (0000aac0)     _Freq_rat
0000aad0     2ab (0000aac0)     _Is_Leq_Req
0000aad2     2ab (0000aac0)     _VF_Rs
0000aad4     2ab (0000aac0)     _VF_Slip_Comp_FilterPole
0000aad6     2ab (0000aac0)     _Data_Check
0000aad8     2ab (0000aac0)     _Data_Load
0000aada     2ab (0000aac0)     _Data_Backup
0000aadc     2ab (0000aac0)     _inv_Freq_rat
0000aade     2ab (0000aac0)     _code_Vdc_calc_low
0000aae0     2ab (0000aac0)     _code_adc_vdc_high
0000aae2     2ab (0000aac0)     _code_Vdc_calc_high
0000aae4     2ab (0000aac0)     _motor_rate_volt
0000aae6     2ab (0000aac0)     _motor_rate_power
0000aae8     2ab (0000aac0)     _over_I_time
0000aaea     2ab (0000aac0)     _over_volt_set
0000aaec     2ab (0000aac0)     _code_Vdc_scaler
0000aaee     2ab (0000aac0)     _code_adc_vdc_low
0000aaf0     2ab (0000aac0)     _code_Vdc_offseter
0000aaf2     2ab (0000aac0)     _u_phase_I_sense_span
0000aaf4     2ab (0000aac0)     _I_sense_value
0000aaf6     2ab (0000aac0)     _v_phase_I_sense_span
0000aaf8     2ab (0000aac0)     _vdc_sense_span
0000aafa     2ab (0000aac0)     _vdc_sense_zero
0000aafc     2ab (0000aac0)     _motor_rate_hz
0000aafe     2ab (0000aac0)     _motor_rate_current

0000ab00     2ac (0000ab00)     _motor_rate_rpm
0000ab02     2ac (0000ab00)     _motor_rate_effiency
0000ab04     2ac (0000ab00)     _motor_pole
0000ab06     2ac (0000ab00)     _igbt_pwm_freq
0000ab08     2ac (0000ab00)     _Freq_ref
0000ab0a     2ac (0000ab00)     _Vs_ref
0000ab0c     2ac (0000ab00)     _Freq_slip
0000ab0e     2ac (0000ab00)     _Power_core
0000ab10     2ac (0000ab00)     _Slip
0000ab12     2ac (0000ab00)     _Te_ref
0000ab14     2ac (0000ab00)     _Te_max
0000ab16     2ac (0000ab00)     _Te
0000ab18     2ac (0000ab00)     _Max_Trq_Coeff
0000ab1a     2ac (0000ab00)     _LPF_Te
0000ab1c     2ac (0000ab00)     _inv_C_ce
0000ab1e     2ac (0000ab00)     _C_ce
0000ab20     2ac (0000ab00)     _Freq_slip_rat
0000ab22     2ac (0000ab00)     _RMS_Ia
0000ab24     2ac (0000ab00)     _gulStartCount
0000ab26     2ac (0000ab00)     _Power_gap
0000ab28     2ac (0000ab00)     _Power_core_rat
0000ab2a     2ac (0000ab00)     _Vs_IR_comp
0000ab2c     2ac (0000ab00)     _C_ce_nF
0000ab2e     2ac (0000ab00)     _del_Vs_comp
0000ab30     2ac (0000ab00)     _S_lin
0000ab32     2ac (0000ab00)     _Freq_out
0000ab34     2ac (0000ab00)     _Vs_max
0000ab36     2ac (0000ab00)     _rpm
0000ab38     2ac (0000ab00)     _reference_out
0000ab3a     2ac (0000ab00)     _reference_in
0000ab3c     2ac (0000ab00)     _Is_mag
0000ab3e     2ac (0000ab00)     _RMS_Ib

0000ab40     2ad (0000ab40)     _Is_mag_rms
0000ab42     2ad (0000ab40)     _Vdc
0000ab44     2ad (0000ab40)     _Is_max
0000ab46     2ad (0000ab40)     _theta
0000ab48     2ad (0000ab40)     _frequency
0000ab4a     2ad (0000ab40)     _SinTheta
0000ab4c     2ad (0000ab40)     _CosDeltaTheta
0000ab4e     2ad (0000ab40)     _CosTheta
0000ab50     2ad (0000ab40)     _reference1
0000ab52     2ad (0000ab40)     _reference0
0000ab54     2ad (0000ab40)     _we_in
0000ab56     2ad (0000ab40)     _we0
0000ab58     2ad (0000ab40)     _we
0000ab5a     2ad (0000ab40)     _SinDeltaTheta
0000ab5c     2ad (0000ab40)     _S_rat
0000ab5e     2ad (0000ab40)     _AnaCmdReference
0000ab60     2ad (0000ab40)     _ref_time
0000ab62     2ad (0000ab40)     _P_pair
0000ab64     2ad (0000ab40)     _Vdc_calc_offset
0000ab66     2ad (0000ab40)     _Ts
0000ab68     2ad (0000ab40)     _inv_Ts
0000ab6a     2ad (0000ab40)     _Kt
0000ab6c     2ad (0000ab40)     _func_flag
0000ab6e     2ad (0000ab40)     _decel_time1
0000ab70     2ad (0000ab40)     _accel_time1
0000ab72     2ad (0000ab40)     _decel_time2
0000ab74     2ad (0000ab40)     _accel_time2
0000ab76     2ad (0000ab40)     _btn_start_ref
0000ab78     2ad (0000ab40)     _Vdc_factor
0000ab7a     2ad (0000ab40)     _inv_P_pair
0000ab7c     2ad (0000ab40)     _analog_ref_b
0000ab7e     2ad (0000ab40)     _OverCurLimit

0000ab80     2ae (0000ab80)     _gdouSciCmdData
0000ab82     2ae (0000ab80)     _Is_rat
0000ab84     2ae (0000ab80)     _Im_Power
0000ab86     2ae (0000ab80)     _Vs_rat
0000ab88     2ae (0000ab80)     _Re_Power
0000ab8a     2ae (0000ab80)     _Te_rat
0000ab8c     2ae (0000ab80)     _inv_Te_rat
0000ab8e     2ae (0000ab80)     _we_rat
0000ab90     2ae (0000ab80)     _inv_motor_rate_hz
0000ab92     2ae (0000ab80)     _inv_Is_rat
0000ab94     2ae (0000ab80)     _gfRunTime
0000ab96     2ae (0000ab80)     _analog_ref_a
0000ab98     2ae (0000ab80)     _inv_MAX_PWM_CNT
0000ab9a     2ae (0000ab80)     _inv_Kt
0000ab9c     2ae (0000ab80)     _Freq_set
0000ab9e     2ae (0000ab80)     _DutyCount
0000aba2     2ae (0000ab80)     _Is_DQ
0000aba6     2ae (0000ab80)     _Vs_DQ
0000abaa     2ae (0000ab80)     _Is_dq
0000abae     2ae (0000ab80)     _Vs_dq_ref
0000abb2     2ae (0000ab80)     _Us_dq
0000abb6     2ae (0000ab80)     _Vs_dq
0000abba     2ae (0000ab80)     _Vs_abc_ref

0000abc0     2af (0000abc0)     _Vs_abc
0000abc6     2af (0000abc0)     _sgn_Is
0000abcc     2af (0000abc0)     _DutyRatio
0000abd2     2af (0000abc0)     _Is_abc
0000abd8     2af (0000abc0)     _gStr2
0000abe2     2af (0000abc0)     _TimeInput
0000abef     2af (0000abc0)     _adc_result

0000ac00     2b0 (0000ac00)     _gSciaRxBuf
0000ac11     2b0 (0000ac00)     _gSciaTxBuf

0000ac40     2b1 (0000ac40)     _MonitorMsg

0000ac80     2b2 (0000ac80)     _gStr1

0000acc0     2b3 (0000acc0)     _code_inform

0000ad00     2b4 (0000ad00)     _TripInfo

0000ad80     2b6 (0000ad80)     _TripInfoNow

0000add6     2b7 (0000adc0)     __lock
0000add8     2b7 (0000adc0)     __unlock

0000ae00     2b8 (0000ae00)     _i
0000ae02     2b8 (0000ae00)     _Pulse_Counter_MT
0000ae04     2b8 (0000ae00)     _mt
0000ae06     2b8 (0000ae00)     _Dir_mt
0000ae08     2b8 (0000ae00)     _Dir_est
0000ae0a     2b8 (0000ae00)     _pulse_num
0000ae0c     2b8 (0000ae00)     _Thetarm_tmp
0000ae0e     2b8 (0000ae00)     _err_tmp
0000ae10     2b8 (0000ae00)     _Te_tmp
0000ae12     2b8 (0000ae00)     _pls
0000ae14     2b8 (0000ae00)     _Pulse_Counter_est
0000ae16     2b8 (0000ae00)     _Wrm_tmp
0000ae18     2b8 (0000ae00)     _Tl_tmp
0000ae1a     2b8 (0000ae00)     _Wrm_est_flt
0000ae1c     2b8 (0000ae00)     _Wrm_est_old
0000ae1e     2b8 (0000ae00)     _Wrm_mt_old
0000ae20     2b8 (0000ae00)     _Thetarm_err
0000ae22     2b8 (0000ae00)     _Thetarm_est
0000ae24     2b8 (0000ae00)     _Wrm_est
0000ae26     2b8 (0000ae00)     _Flag_first_MT
0000ae28     2b8 (0000ae00)     _Tl_est
0000ae2a     2b8 (0000ae00)     _MT_Timer
0000ae2c     2b8 (0000ae00)     _Wrm_mt_flt
0000ae2e     2b8 (0000ae00)     _Wrm_det_old
0000ae30     2b8 (0000ae00)     _Overflow_num
0000ae32     2b8 (0000ae00)     _Wrm_mt
0000ae34     2b8 (0000ae00)     _L3_sp_tmp
0000ae36     2b8 (0000ae00)     _L3_sp_est
0000ae38     2b8 (0000ae00)     _Pole_pair
0000ae3a     2b8 (0000ae00)     _inv_Jm
0000ae3c     2b8 (0000ae00)     _LAMdre_ref
0000ae3e     2b8 (0000ae00)     _L2_sp_est

0000ae40     2b9 (0000ae40)     _Ls
0000ae42     2b9 (0000ae40)     _Lm
0000ae44     2b9 (0000ae40)     _Lr
0000ae46     2b9 (0000ae40)     _Jm
0000ae48     2b9 (0000ae40)     _a
0000ae4a     2b9 (0000ae40)     _MT_Time
0000ae4c     2b9 (0000ae40)     _K_Wrm
0000ae4e     2b9 (0000ae40)     _K_Wrm2
0000ae50     2b9 (0000ae40)     _K_Wrm1
0000ae52     2b9 (0000ae40)     _Thetarm_enc
0000ae54     2b9 (0000ae40)     _Wrm_det
0000ae56     2b9 (0000ae40)     _L1_sp_est
0000ae58     2b9 (0000ae40)     _Wrm_det_flt
0000ae5a     2b9 (0000ae40)     _Wrpm_det
0000ae5c     2b9 (0000ae40)     _Wr
0000ae5e     2b9 (0000ae40)     _Wrpm_max

0000ae80     2ba (0000ae80)     _code_group_length
0000ae9a     2ba (0000ae80)     _code_group_start

003d7e80    f5fa (003d7e80)     _PartIdRegs

003f7ff8    fdff (003f7fc0)     _CsmPwl

003fd860    ff61 (003fd840)     _FPUsinTable

003fd960    ff65 (003fd940)     _FPUcosTable

003fdc60    ff71 (003fdc40)     _FPUsinTableEnd

003fdd62    ff75 (003fdd40)     _FPUatan2HalfPITable
003fdd62    ff75 (003fdd40)     _FPUcosTableEnd
003fdd66    ff75 (003fdd40)     _FPUatan2Table

003fdeec    ff7b (003fdec0)     _FPUatan2TableEnd


GLOBAL SYMBOLS: SORTED ALPHABETICALLY BY Name 

page  address   name                            
----  -------   ----                            
0     00000000  .text                           
0     00003603  C$$EXIT                         
0     0000306b  FD$$ADD                         
0     000035af  FD$$CMP                         
0     00003107  FD$$DIV                         
0     00003192  FD$$MPY                         
0     000038a0  FD$$NEG                         
0     00003864  FD$$SUB                         
0     000036e7  FD$$TOI                         
0     00003729  FD$$TOL                         
0     00003810  FS$$DIV                         
0     000037bf  FS$$TOFD                        
0     000036c5  I$$DIV                          
0     000036d6  I$$MOD                          
0     000037a2  I$$TOFD                         
0     000035d9  L$$DIV                          
0     000035e8  L$$MOD                          
0     000037db  L$$TOFD                         
0     00003829  LL$$AND                         
0     00003748  LL$$CMP                         
0     00002cbc  LL$$DIV                         
0     00002cf8  LL$$MOD                         
0     00003831  LL$$OR                          
0     00003839  LL$$XOR                         
0     000035f6  UL$$DIV                         
0     000035fd  UL$$MOD                         
0     0000375a  ULL$$CMP                        
0     00002d32  ULL$$DIV                        
0     00002d61  ULL$$MOD                        
0     0000107a  _ADCINT1_ISR                    
0     00001084  _ADCINT2_ISR                    
0     0000128c  _ADCINT3_ISR                    
0     00001296  _ADCINT4_ISR                    
0     000012a0  _ADCINT5_ISR                    
0     000012aa  _ADCINT6_ISR                    
0     000012b4  _ADCINT7_ISR                    
0     000012be  _ADCINT8_ISR                    
0     000010a2  _ADCINT9_ISR                    
1     00007100  _AdcRegs                        
1     00000b00  _AdcResult                      
1     0000ab5e  _AnaCmdReference                
0     000012c8  _CLA1_INT1_ISR                  
0     000012d2  _CLA1_INT2_ISR                  
0     000012dc  _CLA1_INT3_ISR                  
0     000012e6  _CLA1_INT4_ISR                  
0     000012f0  _CLA1_INT5_ISR                  
0     000012fa  _CLA1_INT6_ISR                  
0     00001304  _CLA1_INT7_ISR                  
0     0000130e  _CLA1_INT8_ISR                  
1     0000ab1e  _C_ce                           
1     0000ab2c  _C_ce_nF                        
0     000013df  _CheckIGBTFault                 
0     00001357  _CheckOverCurrent               
0     000013e8  _CheckOverHeat                  
0     00001395  _CheckOverVolt                  
0     00000d34  _CheckSum                       
0     00000d36  _CheckSum_bk                    
0     000013bc  _CheckUndeVolt                  
1     00001400  _Cla1Regs                       
0     00001626  _ClearTripDataToEeprom          
1     00006400  _Comp1Regs                      
1     00006420  _Comp2Regs                      
1     00006440  _Comp3Regs                      
0     000032cf  _ConfigCpuTimer                 
1     0000ab4c  _CosDeltaTheta                  
1     0000ab4e  _CosTheta                       
1     0000aa20  _CpuTimer0                      
1     00000c00  _CpuTimer0Regs                  
1     0000aa10  _CpuTimer1                      
1     00000c08  _CpuTimer1Regs                  
1     0000aa18  _CpuTimer2                      
1     00000c10  _CpuTimer2Regs                  
1     003f7ff8  _CsmPwl                         
1     00000ae0  _CsmRegs                        
0     000028c7  _CsmUnlock                      
0     00000fd0  _DATALOG_ISR                    
0     00001200  _DINTCH1_ISR                    
0     0000120a  _DINTCH2_ISR                    
0     00001214  _DINTCH3_ISR                    
0     0000121e  _DINTCH4_ISR                    
0     00001228  _DINTCH5_ISR                    
0     00001232  _DINTCH6_ISR                    
0     00002ab4  _DS1307ReadData                 
0     00002a90  _DS1307WriteData                
0     00000355  _DSP28x_usDelay                 
1     0000aada  _Data_Backup                    
1     0000aad6  _Data_Check                     
1     0000aaca  _Data_Init                      
1     0000aad8  _Data_Load                      
1     0000aa2a  _Dd                             
1     00000880  _DevEmuRegs                     
1     0000ae08  _Dir_est                        
1     0000ae06  _Dir_mt                         
0     000027e6  _DisableDog                     
1     00001000  _DmaRegs                        
1     0000ab9e  _DutyCount                      
1     0000abcc  _DutyRatio                      
0     00001278  _ECAN0INTA_ISR                  
0     00001282  _ECAN1INTA_ISR                  
0     00001160  _ECAP1_INT_ISR                  
0     0000116a  _ECAP2_INT_ISR                  
0     00001174  _ECAP3_INT_ISR                  
1     00006040  _ECanaLAMRegs                   
1     000060c0  _ECanaMOTORegs                  
1     00006080  _ECanaMOTSRegs                  
1     00006100  _ECanaMboxes                    
1     00006000  _ECanaRegs                      
1     00006a00  _ECap1Regs                      
1     00006a20  _ECap2Regs                      
1     00006a40  _ECap3Regs                      
0     00001336  _EMPTY_ISR                      
0     00000fe4  _EMUINT_ISR                     
0     00001110  _EPWM1_INT_ISR                  
0     000010c0  _EPWM1_TZINT_ISR                
0     0000111a  _EPWM2_INT_ISR                  
0     000010ca  _EPWM2_TZINT_ISR                
0     00001124  _EPWM3_INT_ISR                  
0     000010d4  _EPWM3_TZINT_ISR                
0     0000112e  _EPWM4_INT_ISR                  
0     000010de  _EPWM4_TZINT_ISR                
0     00001138  _EPWM5_INT_ISR                  
0     000010e8  _EPWM5_TZINT_ISR                
0     00001142  _EPWM6_INT_ISR                  
0     000010f2  _EPWM6_TZINT_ISR                
0     0000114c  _EPWM7_INT_ISR                  
0     000010fc  _EPWM7_TZINT_ISR                
0     00001156  _EPWM8_INT_ISR                  
0     00001106  _EPWM8_TZINT_ISR                
1     00006800  _EPwm1Regs                      
1     00006840  _EPwm2Regs                      
1     00006880  _EPwm3Regs                      
1     000068c0  _EPwm4Regs                      
1     00006900  _EPwm5Regs                      
1     00006940  _EPwm6Regs                      
1     00006980  _EPwm7Regs                      
1     000069c0  _EPwm8Regs                      
n/a   UNDEFED   _EPwm_All_Disable               
n/a   UNDEFED   _EPwm_OSC_Enable                
0     00001192  _EQEP1_INT_ISR                  
0     0000119c  _EQEP2_INT_ISR                  
0     000016d3  _EQEP_Initialization            
1     00006b00  _EQep1Regs                      
1     00006b40  _EQep2Regs                      
1     0000aa46  _EepromSaveFlag                 
1     00000d01  _EmuBMode                       
1     00000d00  _EmuKey                         
0     00003674  _EnableInterrupts               
0     00002938  _ExtOscSel                      
0     003fdd62  _FPUatan2HalfPITable            
0     003fdd66  _FPUatan2Table                  
0     003fdeec  _FPUatan2TableEnd               
0     003fd960  _FPUcosTable                    
0     003fdd62  _FPUcosTableEnd                 
0     003fd860  _FPUsinTable                    
0     003fdc60  _FPUsinTableEnd                 
1     0000aa69  _Flag_TripDataBackup            
1     0000ae26  _Flag_first_MT                  
1     00000a80  _FlashRegs                      
1     00000d04  _Flash_CPUScaleFactor           
1     00000d02  _Flash_CallbackPtr              
1     0000ab32  _Freq_out                       
1     0000aace  _Freq_rat                       
1     0000ab08  _Freq_ref                       
1     0000ab9c  _Freq_set                       
1     0000ab0c  _Freq_slip                      
1     0000ab20  _Freq_slip_rat                  
1     0000aab2  _Fs_rat                         
1     0000aac8  _GainUpdateTimer                
0     000034a4  _GetInputMark                   
0     00002ade  _GetTimeAndDateStr              
0     00001452  _GetTripInfo                    
1     00006f80  _GpioCtrlRegs                   
1     00006fc0  _GpioDataRegs                   
1     00006fe0  _GpioIntRegs                    
0     0000117e  _HRCAP1_INT_ISR                 
0     00001188  _HRCAP2_INT_ISR                 
0     000011a6  _HRCAP3_INT_ISR                 
0     000011b0  _HRCAP4_INT_ISR                 
1     00006ac0  _HRCap1Regs                     
1     00006ae0  _HRCap2Regs                     
1     00006c80  _HRCap3Regs                     
1     00006ca0  _HRCap4Regs                     
0     0000260e  _HardwareParameterVerification  
0     00001f8f  _I2CA_Init                      
0     00001fdf  _I2CA_ReadData                  
0     00001fa1  _I2CA_WriteData                 
0     0000123c  _I2CINT1A_ISR                   
0     00001246  _I2CINT2A_ISR                   
1     00007900  _I2caRegs                       
0     00000ff8  _ILLEGAL_ISR                    
0     00000fbc  _INT13_ISR                      
0     00000fc6  _INT14_ISR                      
1     0000aaf4  _I_sense_value                  
1     0000ab84  _Im_Power                       
n/a   UNDEFED   _InitAdc                        
0     00003294  _InitCpuTimers                  
0     00001e65  _InitEPwm_ACIM_Inverter         
0     0000241b  _InitGpio                       
0     00002871  _InitPeripheralClocks           
0     00003655  _InitPieCtrl                    
0     000027ee  _InitPll                        
0     00002843  _InitPll2                       
0     000027c2  _InitSysCtrl                    
0     00001f75  _InitWatchDog                   
n/a   UNDEFED   _Init_Filters                   
0     000028f8  _IntOsc1Sel                     
0     00002908  _IntOsc2Sel                     
1     0000aba2  _Is_DQ                          
1     0000aad0  _Is_Leq_Req                     
1     0000aa8c  _Is_Max_Coeff                   
1     0000abd2  _Is_abc                         
1     0000abaa  _Is_dq                          
1     0000ab3c  _Is_mag                         
1     0000ab40  _Is_mag_rms                     
1     0000ab44  _Is_max                         
1     0000ab82  _Is_rat                         
1     0000ae46  _Jm                             
1     0000ae4c  _K_Wrm                          
1     0000ae50  _K_Wrm1                         
1     0000ae4e  _K_Wrm2                         
1     0000ab6a  _Kt                             
1     0000ae56  _L1_sp_est                      
1     0000ae3e  _L2_sp_est                      
1     0000ae36  _L3_sp_est                      
1     0000ae34  _L3_sp_tmp                      
1     0000ae3c  _LAMdre_ref                     
0     00001a41  _LPF1                           
1     0000ab1a  _LPF_Te                         
0     0000132c  _LUF_ISR                        
0     00001322  _LVF_ISR                        
1     0000ae42  _Lm                             
1     0000ae44  _Lr                             
1     0000ae40  _Ls                             
1     0000aa47  _MAX_PWM_CNT                    
0     000011ec  _MRINTA_ISR                     
1     0000ae4a  _MT_Time                        
1     0000ae2a  _MT_Timer                       
0     000011f6  _MXINTA_ISR                     
0     0000294e  _MainPWM                        
1     0000ab18  _Max_Trq_Coeff                  
1     00005000  _McbspaRegs                     
1     0000ac40  _MonitorMsg                     
0     00003855  _MotorControlProc               
0     00000fee  _NMI_ISR                        
1     00007060  _NmiIntruptRegs                 
0     00001a5e  _Nop                            
1     0000ab7e  _OverCurLimit                   
1     0000ae30  _Overflow_num                   
0     00001343  _PIE_RESERVED                   
0     00001a61  _PI_Damp_Controller             
1     0000ab62  _P_pair                         
1     003d7e80  _PartIdRegs                     
1     00000ce0  _PieCtrlRegs                    
1     00000d00  _PieVectTable                   
1     0000ae38  _Pole_pair                      
0     00001ac0  _PowerOnReset                   
1     0000ab0e  _Power_core                     
1     0000ab28  _Power_core_rat                 
1     0000ab26  _Power_gap                      
1     0000ae02  _Pulse_Counter_MT               
1     0000ae14  _Pulse_Counter_est              
1     0000ab22  _RMS_Ia                         
1     0000ab3e  _RMS_Ib                         
0     00000fda  _RTOSINT_ISR                    
1     0000aac0  _R_phase_I_sense_span           
1     0000ab88  _Re_Power                       
0     00001581  _ReadTripString                 
0     00002dc3  _RefFunc                        
0     00001250  _SCIRXINTA_ISR                  
0     00001264  _SCIRXINTB_ISR                  
0     0000125a  _SCITXINTA_ISR                  
0     0000126e  _SCITXINTB_ISR                  
0     000011c4  _SPIRXINTA_ISR                  
0     000011d8  _SPIRXINTB_ISR                  
0     000011ce  _SPITXINTA_ISR                  
0     000011e2  _SPITXINTB_ISR                  
1     0000ab30  _S_lin                          
1     0000aac2  _S_phase_I_sense_span           
1     0000ab5c  _S_rat                          
0     00000d6e  _SaveDataProc                   
0     000015a7  _SaveTripDataToEeprom           
1     00007050  _SciaRegs                       
1     00007750  _ScibRegs                       
0     000027dc  _ServiceDog                     
0     00001abf  _SetSensorOffset                
1     0000ab5a  _SinDeltaTheta                  
1     0000ab4a  _SinTheta                       
1     0000ab10  _Slip                           
n/a   UNDEFED   _SpaceVectorModulation          
0     000016f9  _Speed_Calculation              
1     00007040  _SpiaRegs                       
1     00007740  _SpibRegs                       
1     00007010  _SysCtrlRegs                    
1     00000985  _SysPwrCtrlRegs                 
0     000010ac  _TINT0_ISR                      
1     0000aa28  _T_d                            
1     0000ab16  _Te                             
1     0000ab14  _Te_max                         
1     0000ab8a  _Te_rat                         
1     0000ab12  _Te_ref                         
1     0000ae10  _Te_tmp                         
1     0000ae52  _Thetarm_enc                    
1     0000ae20  _Thetarm_err                    
1     0000ae22  _Thetarm_est                    
1     0000ae0c  _Thetarm_tmp                    
1     0000abe2  _TimeInput                      
1     0000ae28  _Tl_est                         
1     0000ae18  _Tl_tmp                         
1     0000ad00  _TripInfo                       
1     0000ad80  _TripInfoNow                    
n/a   UNDEFED   _TripProc                       
1     0000ab66  _Ts                             
0     000011ba  _USB0_INT_ISR                   
0     0000105c  _USER10_ISR                     
0     00001066  _USER11_ISR                     
0     00001070  _USER12_ISR                     
0     00001002  _USER1_ISR                      
0     0000100c  _USER2_ISR                      
0     00001016  _USER3_ISR                      
0     00001020  _USER4_ISR                      
0     0000102a  _USER5_ISR                      
0     00001034  _USER6_ISR                      
0     0000103e  _USER7_ISR                      
0     00001048  _USER8_ISR                      
0     00001052  _USER9_ISR                      
1     0000abb2  _Us_dq                          
1     00004000  _Usb0Regs                       
1     0000aac6  _VF_DeadTimeGain                
1     0000aac4  _VF_ExcitationTime              
1     0000aab6  _VF_Freq_TrqBoost               
1     0000aab8  _VF_Fs_Coeff                    
1     0000aabc  _VF_IR_Comp_FilterPole          
1     0000aad2  _VF_Rs                          
1     0000aabe  _VF_Rs_ThermalCoeff             
1     0000aad4  _VF_Slip_Comp_FilterPole        
1     0000aaba  _VF_Vs_Coeff_TrqBoost           
0     00002bad  _VariInit                       
1     0000ab42  _Vdc                            
1     0000ab64  _Vdc_calc_offset                
1     0000ab78  _Vdc_factor                     
1     0000aaa4  _Vdc_fnd_data                   
n/a   UNDEFED   _VoltageEstimation              
1     0000aacc  _Vs_Coeff_Leq_Req               
1     0000aba6  _Vs_DQ                          
1     0000ab2a  _Vs_IR_comp                     
1     0000abc0  _Vs_abc                         
1     0000abba  _Vs_abc_ref                     
1     0000abb6  _Vs_dq                          
1     0000abae  _Vs_dq_ref                      
1     0000ab34  _Vs_max                         
1     0000ab86  _Vs_rat                         
1     0000ab0a  _Vs_ref                         
0     000010b6  _WAKEINT_ISR                    
1     0000ae5c  _Wr                             
0     00002b56  _WriteTimeToDS1307              
0     0000154d  _WriteTripString                
1     0000ae54  _Wrm_det                        
1     0000ae58  _Wrm_det_flt                    
1     0000ae2e  _Wrm_det_old                    
1     0000ae24  _Wrm_est                        
1     0000ae1a  _Wrm_est_flt                    
1     0000ae1c  _Wrm_est_old                    
1     0000ae32  _Wrm_mt                         
1     0000ae2c  _Wrm_mt_flt                     
1     0000ae1e  _Wrm_mt_old                     
1     0000ae16  _Wrm_tmp                        
1     0000ae5a  _Wrpm_det                       
1     0000ae5e  _Wrpm_max                       
0     0000108e  _XINT1_ISR                      
0     00001098  _XINT2_ISR                      
0     00001318  _XINT3_ISR                      
1     00007070  _XIntruptRegs                   
0     0000291c  _XtalOscSel                     
n/a   UNDEFED   _ZONE0_BUF                      
n/a   UNDEFED   _ZONE7_BUF                      
1     00000600  __STACK_END                     
abs   00000200  __STACK_SIZE                    
1     0000aa30  ___TI_cleanup_ptr               
1     0000aa32  ___TI_dtors_ptr                 
1     0000aa2e  ___TI_enable_exit_profile_output
abs   ffffffff  ___TI_pprof_out_hndl            
0     00000ae3  ___TI_printfi                   
abs   ffffffff  ___TI_prof_data_size            
abs   ffffffff  ___TI_prof_data_start           
abs   ffffffff  ___binit__                      
abs   ffffffff  ___c_args__                     
0     00000050  ___cinit__                      
0     000038c1  ___etext__                      
abs   ffffffff  ___pinit__                      
0     00000000  ___text__                       
0     000037f7  __args_main                     
1     0000a67c  __ctypes_                       
1     0000add6  __lock                          
0     0000389f  __nop                           
0     0000389b  __register_lock                 
0     00003897  __register_unlock               
1     00000400  __stack                         
0     000038c0  __system_post_cinit             
0     000038be  __system_pre_init               
1     0000add8  __unlock                        
1     0000ae48  _a                              
0     00003603  _abort                          
1     0000ab70  _accel_time1                    
1     0000ab74  _accel_time2                    
1     0000aa41  _adcExSensor                    
1     0000aa40  _adcIgbtTemperature             
1     0000aa44  _adcIuPhase                     
1     0000aa45  _adcIvPhase                     
1     0000aa43  _adcVdc                         
1     0000aa60  _adc_R_offset                   
1     0000aa5e  _adc_S_offset                   
0     000034ad  _adc_isr                        
1     0000abef  _adc_result                     
1     0000aa61  _adc_u_offset                   
1     0000aa62  _adc_v_offset                   
1     0000aaa8  _analog_cmd_in_span1            
1     0000aaac  _analog_cmd_in_span2            
1     0000aaae  _analog_cmd_in_zero1            
1     0000aaa6  _analog_cmd_in_zero2            
0     00001b0e  _analog_cmd_proc                
1     0000ab96  _analog_ref_a                   
1     0000ab7c  _analog_ref_b                   
0     00003550  _atoi                           
0     00000ce1  _backup_data_load               
1     0000ab76  _btn_start_ref                  
0     00003415  _c_int00                        
0     00000c5f  _check_backup_data              
0     000020de  _check_code_data                
1     0000aa72  _cmdtest                        
1     0000aae2  _code_Vdc_calc_high             
1     0000aade  _code_Vdc_calc_low              
1     0000aaf0  _code_Vdc_offseter              
1     0000aaec  _code_Vdc_scaler                
1     0000aae0  _code_adc_vdc_high              
1     0000aaee  _code_adc_vdc_low               
1     0000aa82  _code_dac_offset_ch1            
1     0000aa7e  _code_dac_offset_ch2            
1     0000aa7a  _code_dac_offset_ch3            
1     0000aa94  _code_dac_offset_ch4            
1     0000aaaa  _code_dac_scale_ch1             
1     0000aa78  _code_dac_scale_ch2             
1     0000aa90  _code_dac_scale_ch3             
1     0000aa8e  _code_dac_scale_ch4             
1     0000aa5a  _code_dac_select_ch1            
1     0000aa58  _code_dac_select_ch2            
1     0000aa59  _code_dac_select_ch3            
1     0000aa63  _code_dac_select_ch4            
1     0000ae80  _code_group_length              
1     0000ae9a  _code_group_start               
1     0000acc0  _code_inform                    
0     000021ab  _code_init                      
1     0000aa38  _code_over_volt_set             
1     0000aa5b  _code_protect_CONV_adc_off      
1     0000aa5d  _code_protect_IGBT2_off         
1     0000aa6a  _code_protect_IGBT_off          
1     0000aa6e  _code_protect_Iadc_off          
1     0000aa6b  _code_protect_ex_trip_off       
1     0000aa65  _code_protect_inhibit_on        
1     0000aa6d  _code_protect_ov_off            
1     0000aa6c  _code_protect_over_I_off        
1     0000aa6f  _code_protect_uv_off            
1     0000aa98  _code_speed1                    
1     0000aa96  _code_speed2                    
1     0000aa9c  _code_speed3                    
1     0000aa9a  _code_speed4                    
1     0000aab0  _code_speed5                    
1     0000aa5c  _code_use_binary_input          
0     0000367d  _copy_in                        
0     000036a1  _copysignl                      
0     000034e8  _cos                            
0     00003215  _cpu_timer0_isr                 
1     0000aa3e  _dac_ch1                        
1     0000aa3c  _dac_ch2                        
1     0000aa3d  _dac_ch3                        
1     0000aa3a  _dac_ch4                        
0     000020b3  _data_over_proc                 
0     00002094  _data_under_proc                
1     0000ab6e  _decel_time1                    
1     0000ab72  _decel_time2                    
1     0000ab2e  _del_Vs_comp                    
0     00001adb  _delay_msecs                    
1     0000aa2c  _delta_Tc                       
0     00002efa  _digital_input_proc             
0     00002f84  _digital_out_proc               
0     00002f35  _digital_port_check             
0     00002ecd  _driver_enable_proc             
1     0000aa8a  _e_thermal_level                
1     0000ae0e  _err_tmp                        
1     0000aa3f  _errno                          
0     00003605  _exit                           
0     00002ec7  _fault_reset                    
0     000033be  _floor                          
0     000033be  _floorf                         
1     0000ab48  _frequency                      
0     0000330a  _frexpl                         
1     0000ab6c  _func_flag                      
1     0000aa56  _gAutoTuningSelect              
1     0000aa54  _gControlMode                   
1     0000aa52  _gDeChargeFlag                  
1     0000aa55  _gMachineState                  
1     0000aa53  _gPWMTripCode                   
1     0000aa49  _gRunFlag                       
1     0000aa4f  _gSciInFlag                     
1     0000ac00  _gSciaRxBuf                     
1     0000ac11  _gSciaTxBuf                     
1     0000aa4c  _gSciaTxEndFlag                 
1     0000aa50  _gSciaTxInPoint                 
1     0000aa4e  _gSciaTxOutPoint                
1     0000aa51  _gStartInitFinish               
1     0000ac80  _gStr1                          
1     0000abd8  _gStr2                          
1     0000aa48  _gTripFlag                      
1     0000aa4a  _gTripSaveFlag                  
1     0000aa42  _gTripSavePoint                 
1     0000ab80  _gdouSciCmdData                 
0     00001b79  _get_adc_offset                 
0     00001c81  _get_adc_vdc_high               
0     00001c24  _get_adc_vdc_low                
0     00000c16  _get_code_information           
0     00001b1f  _get_command                    
0     0000200e  _get_eprom_address              
1     0000ab94  _gfRunTime                      
1     0000aa57  _giSciCmdAddr                   
1     0000aa4d  _giSciCmdFunction               
1     0000ab24  _gulStartCount                  
1     0000ae00  _i                              
0     00001b02  _iGetAinCmd                     
1     0000ab06  _igbt_pwm_freq                  
1     0000aa77  _init_charge_flag               
0     00000f41  _init_eprom_data                
0     00002ee8  _input_acc_dec_byp_proc         
0     00002edf  _input_acel_decel_switch_proc   
0     00002ed3  _input_ai_local_remote_proc     
0     00002ed0  _input_ai_ref_active_proc       
0     00002eeb  _input_ext_fault_a_proc         
0     00002ed6  _input_ext_fault_b_proc         
0     00002edc  _input_mb_brake_state_proc      
0     00002ed9  _input_motor_select_proc        
0     00002ee5  _input_ref_tunning_dec_proc     
0     00002ee2  _input_ref_tunning_inc_proc     
1     0000ab1c  _inv_C_ce                       
1     0000aadc  _inv_Freq_rat                   
1     0000ab92  _inv_Is_rat                     
1     0000ae3a  _inv_Jm                         
1     0000ab9a  _inv_Kt                         
1     0000ab98  _inv_MAX_PWM_CNT                
1     0000ab7a  _inv_P_pair                     
1     0000ab8c  _inv_Te_rat                     
1     0000ab68  _inv_Ts                         
1     0000ab90  _inv_motor_rate_hz              
0     000020d2  _invalid_address_proc           
1     0000aa7c  _jog_speed                      
0     00002faf  _ldexpl                         
0     00001a04  _linear_eq                      
0     00002152  _load_code2ram                  
0     0000362c  _load_sci_tx_mail_box           
n/a   UNDEFED   _load_scib_tx_mail_box          
n/a   UNDEFED   _load_scic_tx_mail_box          
0     00003581  _ltoa                           
0     00001cde  _main                           
0     00003872  _memccpy                        
0     00003766  _memcpy                         
0     0000387f  _memset                         
1     0000aa80  _min_vf_ref                     
0     0000346b  _monitor_proc                   
1     0000aa68  _motor_ctrl_mode                
1     0000aa66  _motor_direction_change         
1     0000ab04  _motor_pole                     
1     0000aafe  _motor_rate_current             
1     0000ab02  _motor_rate_effiency            
1     0000aafc  _motor_rate_hz                  
1     0000aae6  _motor_rate_power               
1     0000ab00  _motor_rate_rpm                 
1     0000aae4  _motor_rate_volt                
1     0000ae04  _mt                             
1     0000aae8  _over_I_time                    
1     0000aa92  _over_current_level             
1     0000aa84  _over_speed_level               
1     0000aaea  _over_volt_set                  
0     00001aee  _periodic_check                 
1     0000ae12  _pls                            
1     0000aa88  _pre_charge_time                
1     0000aa71  _protect_reg                    
1     0000ae0a  _pulse_num                      
1     0000aa64  _ramp_func_mode                 
0     00002eb5  _ramp_proc                      
0     00002055  _read_eprom_data                
1     0000ab60  _ref_time                       
1     0000ab52  _reference0                     
1     0000ab50  _reference1                     
1     0000ab3a  _reference_in                   
1     0000ab38  _reference_out                  
1     0000aa4b  _relay_flag                     
1     0000ab36  _rpm                            
1     0000aa9e  _rpm_Coeff                      
1     0000aab4  _rpm_ref                        
0     0000134d  _rsvd_ISR                       
1     0000aa67  _run_input_select               
0     00000ca8  _save_backup_data               
0     00002faf  _scalbnl                        
n/a   UNDEFED   _scib_cmd_proc                  
n/a   UNDEFED   _scib_fifo_init                 
1     0000aa76  _scib_rx_msg_flag               
n/a   UNDEFED   _scic_cmd_proc                  
n/a   UNDEFED   _scic_fifo_init                 
1     0000aa75  _scic_rx_msg_flag               
0     00003635  _serial_com_proc                
0     00000c3f  _set_code_default_double        
0     00000c26  _set_code_default_int           
1     0000abc6  _sgn_Is                         
0     0000351c  _sin                            
0     0000241a  _slip_comp_scalar_ctrl          
0     00003364  _snprintf                       
0     00003708  _sqrt                           
0     0000388b  _strchr                         
0     000038b9  _strcpy                         
0     000038b1  _strlen                         
0     00003784  _strncpy                        
1     0000aa73  _terminal_input_state           
1     0000ab46  _theta                          
1     0000aa74  _timer0_count                   
0     00001406  _trip_check                     
0     000016a3  _trip_proc                      
0     00001423  _trip_recording                 
1     0000aaf2  _u_phase_I_sense_span           
0     00001ad7  _ulGetNow_mSec                  
0     00001ac1  _ulGetTime_mSec                 
1     0000aa86  _under_volt_set                 
1     0000aaf6  _v_phase_I_sense_span           
1     0000aaf8  _vdc_sense_span                 
1     0000aafa  _vdc_sense_zero                 
0     000021e4  _vf_loop_control                
0     00002308  _vf_simple_control              
0     00003841  _wakeint_isr                    
1     0000ab58  _we                             
1     0000ab56  _we0                            
1     0000ab54  _we_in                          
1     0000ab8e  _we_rat                         
1     0000aaa0  _wm_rat                         
1     0000aa5f  _wr_ctrl_index                  
1     0000aaa2  _wr_rat                         
0     00002025  _write_code_2_eeprom            
abs   ffffffff  binit                           
0     00000050  cinit                           
0     00000000  code_start                      
0     000038c1  etext                           
abs   ffffffff  pinit                           


GLOBAL SYMBOLS: SORTED BY Symbol Address 

page  address   name                            
----  -------   ----                            
0     00000000  .text                           
0     00000000  ___text__                       
0     00000000  code_start                      
0     00000050  ___cinit__                      
0     00000050  cinit                           
0     00000355  _DSP28x_usDelay                 
0     00000ae3  ___TI_printfi                   
0     00000c16  _get_code_information           
0     00000c26  _set_code_default_int           
0     00000c3f  _set_code_default_double        
0     00000c5f  _check_backup_data              
0     00000ca8  _save_backup_data               
0     00000ce1  _backup_data_load               
0     00000d34  _CheckSum                       
0     00000d36  _CheckSum_bk                    
0     00000d6e  _SaveDataProc                   
0     00000f41  _init_eprom_data                
0     00000fbc  _INT13_ISR                      
0     00000fc6  _INT14_ISR                      
0     00000fd0  _DATALOG_ISR                    
0     00000fda  _RTOSINT_ISR                    
0     00000fe4  _EMUINT_ISR                     
0     00000fee  _NMI_ISR                        
0     00000ff8  _ILLEGAL_ISR                    
0     00001002  _USER1_ISR                      
0     0000100c  _USER2_ISR                      
0     00001016  _USER3_ISR                      
0     00001020  _USER4_ISR                      
0     0000102a  _USER5_ISR                      
0     00001034  _USER6_ISR                      
0     0000103e  _USER7_ISR                      
0     00001048  _USER8_ISR                      
0     00001052  _USER9_ISR                      
0     0000105c  _USER10_ISR                     
0     00001066  _USER11_ISR                     
0     00001070  _USER12_ISR                     
0     0000107a  _ADCINT1_ISR                    
0     00001084  _ADCINT2_ISR                    
0     0000108e  _XINT1_ISR                      
0     00001098  _XINT2_ISR                      
0     000010a2  _ADCINT9_ISR                    
0     000010ac  _TINT0_ISR                      
0     000010b6  _WAKEINT_ISR                    
0     000010c0  _EPWM1_TZINT_ISR                
0     000010ca  _EPWM2_TZINT_ISR                
0     000010d4  _EPWM3_TZINT_ISR                
0     000010de  _EPWM4_TZINT_ISR                
0     000010e8  _EPWM5_TZINT_ISR                
0     000010f2  _EPWM6_TZINT_ISR                
0     000010fc  _EPWM7_TZINT_ISR                
0     00001106  _EPWM8_TZINT_ISR                
0     00001110  _EPWM1_INT_ISR                  
0     0000111a  _EPWM2_INT_ISR                  
0     00001124  _EPWM3_INT_ISR                  
0     0000112e  _EPWM4_INT_ISR                  
0     00001138  _EPWM5_INT_ISR                  
0     00001142  _EPWM6_INT_ISR                  
0     0000114c  _EPWM7_INT_ISR                  
0     00001156  _EPWM8_INT_ISR                  
0     00001160  _ECAP1_INT_ISR                  
0     0000116a  _ECAP2_INT_ISR                  
0     00001174  _ECAP3_INT_ISR                  
0     0000117e  _HRCAP1_INT_ISR                 
0     00001188  _HRCAP2_INT_ISR                 
0     00001192  _EQEP1_INT_ISR                  
0     0000119c  _EQEP2_INT_ISR                  
0     000011a6  _HRCAP3_INT_ISR                 
0     000011b0  _HRCAP4_INT_ISR                 
0     000011ba  _USB0_INT_ISR                   
0     000011c4  _SPIRXINTA_ISR                  
0     000011ce  _SPITXINTA_ISR                  
0     000011d8  _SPIRXINTB_ISR                  
0     000011e2  _SPITXINTB_ISR                  
0     000011ec  _MRINTA_ISR                     
0     000011f6  _MXINTA_ISR                     
0     00001200  _DINTCH1_ISR                    
0     0000120a  _DINTCH2_ISR                    
0     00001214  _DINTCH3_ISR                    
0     0000121e  _DINTCH4_ISR                    
0     00001228  _DINTCH5_ISR                    
0     00001232  _DINTCH6_ISR                    
0     0000123c  _I2CINT1A_ISR                   
0     00001246  _I2CINT2A_ISR                   
0     00001250  _SCIRXINTA_ISR                  
0     0000125a  _SCITXINTA_ISR                  
0     00001264  _SCIRXINTB_ISR                  
0     0000126e  _SCITXINTB_ISR                  
0     00001278  _ECAN0INTA_ISR                  
0     00001282  _ECAN1INTA_ISR                  
0     0000128c  _ADCINT3_ISR                    
0     00001296  _ADCINT4_ISR                    
0     000012a0  _ADCINT5_ISR                    
0     000012aa  _ADCINT6_ISR                    
0     000012b4  _ADCINT7_ISR                    
0     000012be  _ADCINT8_ISR                    
0     000012c8  _CLA1_INT1_ISR                  
0     000012d2  _CLA1_INT2_ISR                  
0     000012dc  _CLA1_INT3_ISR                  
0     000012e6  _CLA1_INT4_ISR                  
0     000012f0  _CLA1_INT5_ISR                  
0     000012fa  _CLA1_INT6_ISR                  
0     00001304  _CLA1_INT7_ISR                  
0     0000130e  _CLA1_INT8_ISR                  
0     00001318  _XINT3_ISR                      
0     00001322  _LVF_ISR                        
0     0000132c  _LUF_ISR                        
0     00001336  _EMPTY_ISR                      
0     00001343  _PIE_RESERVED                   
0     0000134d  _rsvd_ISR                       
0     00001357  _CheckOverCurrent               
0     00001395  _CheckOverVolt                  
0     000013bc  _CheckUndeVolt                  
0     000013df  _CheckIGBTFault                 
0     000013e8  _CheckOverHeat                  
0     00001406  _trip_check                     
0     00001423  _trip_recording                 
0     00001452  _GetTripInfo                    
0     0000154d  _WriteTripString                
0     00001581  _ReadTripString                 
0     000015a7  _SaveTripDataToEeprom           
0     00001626  _ClearTripDataToEeprom          
0     000016a3  _trip_proc                      
0     000016d3  _EQEP_Initialization            
0     000016f9  _Speed_Calculation              
0     00001a04  _linear_eq                      
0     00001a41  _LPF1                           
0     00001a5e  _Nop                            
0     00001a61  _PI_Damp_Controller             
0     00001abf  _SetSensorOffset                
0     00001ac0  _PowerOnReset                   
0     00001ac1  _ulGetTime_mSec                 
0     00001ad7  _ulGetNow_mSec                  
0     00001adb  _delay_msecs                    
0     00001aee  _periodic_check                 
0     00001b02  _iGetAinCmd                     
0     00001b0e  _analog_cmd_proc                
0     00001b1f  _get_command                    
0     00001b79  _get_adc_offset                 
0     00001c24  _get_adc_vdc_low                
0     00001c81  _get_adc_vdc_high               
0     00001cde  _main                           
0     00001e65  _InitEPwm_ACIM_Inverter         
0     00001f75  _InitWatchDog                   
0     00001f8f  _I2CA_Init                      
0     00001fa1  _I2CA_WriteData                 
0     00001fdf  _I2CA_ReadData                  
0     0000200e  _get_eprom_address              
0     00002025  _write_code_2_eeprom            
0     00002055  _read_eprom_data                
0     00002094  _data_under_proc                
0     000020b3  _data_over_proc                 
0     000020d2  _invalid_address_proc           
0     000020de  _check_code_data                
0     00002152  _load_code2ram                  
0     000021ab  _code_init                      
0     000021e4  _vf_loop_control                
0     00002308  _vf_simple_control              
0     0000241a  _slip_comp_scalar_ctrl          
0     0000241b  _InitGpio                       
0     0000260e  _HardwareParameterVerification  
0     000027c2  _InitSysCtrl                    
0     000027dc  _ServiceDog                     
0     000027e6  _DisableDog                     
0     000027ee  _InitPll                        
0     00002843  _InitPll2                       
0     00002871  _InitPeripheralClocks           
0     000028c7  _CsmUnlock                      
0     000028f8  _IntOsc1Sel                     
0     00002908  _IntOsc2Sel                     
0     0000291c  _XtalOscSel                     
0     00002938  _ExtOscSel                      
0     0000294e  _MainPWM                        
0     00002a90  _DS1307WriteData                
[...]
0     00003784  _strncpy                        
0     000037a2  I$$TOFD                         
0     000037bf  FS$$TOFD                        
0     000037db  L$$TOFD                         
0     000037f7  __args_main                     
0     00003810  FS$$DIV                         
0     00003829  LL$$AND                         
0     00003831  LL$$OR                          
0     00003839  LL$$XOR                         
0     00003841  _wakeint_isr                    
0     00003855  _MotorControlProc               
0     00003864  FD$$SUB                         
0     00003872  _memccpy                        
0     0000387f  _memset                         
0     0000388b  _strchr                         
0     00003897  __register_unlock               
0     0000389b  __register_lock                 
0     0000389f  __nop                           
0     000038a0  FD$$NEG                         
0     000038b1  _strlen                         
0     000038b9  _strcpy                         
0     000038be  __system_pre_init               
0     000038c0  __system_post_cinit             
0     000038c1  ___etext__                      
0     000038c1  etext                           
0     003fd860  _FPUsinTable                    
0     003fd960  _FPUcosTable                    
0     003fdc60  _FPUsinTableEnd                 
0     003fdd62  _FPUatan2HalfPITable            
0     003fdd62  _FPUcosTableEnd                 
0     003fdd66  _FPUatan2Table                  
0     003fdeec  _FPUatan2TableEnd               
1     00000400  __stack                         
1     00000600  __STACK_END                     
1     00000880  _DevEmuRegs                     
1     00000985  _SysPwrCtrlRegs                 
1     00000a80  _FlashRegs                      
1     00000ae0  _CsmRegs                        
1     00000b00  _AdcResult                      
1     00000c00  _CpuTimer0Regs                  
1     00000c08  _CpuTimer1Regs                  
1     00000c10  _CpuTimer2Regs                  
1     00000ce0  _PieCtrlRegs                    
1     00000d00  _EmuKey                         
1     00000d00  _PieVectTable                   
1     00000d01  _EmuBMode                       
1     00000d02  _Flash_CallbackPtr              
1     00000d04  _Flash_CPUScaleFactor           
1     00001000  _DmaRegs                        
1     00001400  _Cla1Regs                       
1     00004000  _Usb0Regs                       
1     00005000  _McbspaRegs                     
1     00006000  _ECanaRegs                      
1     00006040  _ECanaLAMRegs                   
1     00006080  _ECanaMOTSRegs                  
1     000060c0  _ECanaMOTORegs                  
1     00006100  _ECanaMboxes                    
1     00006400  _Comp1Regs                      
1     00006420  _Comp2Regs                      
1     00006440  _Comp3Regs                      
1     00006800  _EPwm1Regs                      
1     00006840  _EPwm2Regs                      
1     00006880  _EPwm3Regs                      
1     000068c0  _EPwm4Regs                      
1     00006900  _EPwm5Regs                      
1     00006940  _EPwm6Regs                      
1     00006980  _EPwm7Regs                      
1     000069c0  _EPwm8Regs                      
1     00006a00  _ECap1Regs                      
1     00006a20  _ECap2Regs                      
1     00006a40  _ECap3Regs                      
1     00006ac0  _HRCap1Regs                     
1     00006ae0  _HRCap2Regs                     
1     00006b00  _EQep1Regs                      
1     00006b40  _EQep2Regs                      
1     00006c80  _HRCap3Regs                     
1     00006ca0  _HRCap4Regs                     
1     00006f80  _GpioCtrlRegs                   
1     00006fc0  _GpioDataRegs                   
1     00006fe0  _GpioIntRegs                    
1     00007010  _SysCtrlRegs                    
1     00007040  _SpiaRegs                       
1     00007050  _SciaRegs                       
1     00007060  _NmiIntruptRegs                 
1     00007070  _XIntruptRegs                   
1     00007100  _AdcRegs                        
1     00007740  _SpibRegs                       
1     00007750  _ScibRegs                       
1     00007900  _I2caRegs                       
1     0000a67c  __ctypes_                       
1     0000aa10  _CpuTimer1                      
1     0000aa18  _CpuTimer2                      
1     0000aa20  _CpuTimer0                      
1     0000aa28  _T_d                            
1     0000aa2a  _Dd                             
1     0000aa2c  _delta_Tc                       
1     0000aa2e  ___TI_enable_exit_profile_output
1     0000aa30  ___TI_cleanup_ptr               
1     0000aa32  ___TI_dtors_ptr                 
1     0000aa38  _code_over_volt_set             
1     0000aa3a  _dac_ch4                        
1     0000aa3c  _dac_ch2                        
1     0000aa3d  _dac_ch3                        
1     0000aa3e  _dac_ch1                        
1     0000aa3f  _errno                          
1     0000aa40  _adcIgbtTemperature             
1     0000aa41  _adcExSensor                    
1     0000aa42  _gTripSavePoint                 
1     0000aa43  _adcVdc                         
1     0000aa44  _adcIuPhase                     
1     0000aa45  _adcIvPhase                     
1     0000aa46  _EepromSaveFlag                 
1     0000aa47  _MAX_PWM_CNT                    
1     0000aa48  _gTripFlag                      
1     0000aa49  _gRunFlag                       
1     0000aa4a  _gTripSaveFlag                  
1     0000aa4b  _relay_flag                     
1     0000aa4c  _gSciaTxEndFlag                 
1     0000aa4d  _giSciCmdFunction               
1     0000aa4e  _gSciaTxOutPoint                
1     0000aa4f  _gSciInFlag                     
1     0000aa50  _gSciaTxInPoint                 
1     0000aa51  _gStartInitFinish               
1     0000aa52  _gDeChargeFlag                  
1     0000aa53  _gPWMTripCode                   
1     0000aa54  _gControlMode                   
1     0000aa55  _gMachineState                  
1     0000aa56  _gAutoTuningSelect              
1     0000aa57  _giSciCmdAddr                   
1     0000aa58  _code_dac_select_ch2            
1     0000aa59  _code_dac_select_ch3            
1     0000aa5a  _code_dac_select_ch1            
1     0000aa5b  _code_protect_CONV_adc_off      
1     0000aa5c  _code_use_binary_input          
1     0000aa5d  _code_protect_IGBT2_off         
1     0000aa5e  _adc_S_offset                   
1     0000aa5f  _wr_ctrl_index                  
1     0000aa60  _adc_R_offset                   
1     0000aa61  _adc_u_offset                   
1     0000aa62  _adc_v_offset                   
1     0000aa63  _code_dac_select_ch4            
1     0000aa64  _ramp_func_mode                 
1     0000aa65  _code_protect_inhibit_on        
1     0000aa66  _motor_direction_change         
1     0000aa67  _run_input_select               
1     0000aa68  _motor_ctrl_mode                
1     0000aa69  _Flag_TripDataBackup            
1     0000aa6a  _code_protect_IGBT_off          
1     0000aa6b  _code_protect_ex_trip_off       
1     0000aa6c  _code_protect_over_I_off        
1     0000aa6d  _code_protect_ov_off            
1     0000aa6e  _code_protect_Iadc_off          
1     0000aa6f  _code_protect_uv_off            
1     0000aa71  _protect_reg                    
1     0000aa72  _cmdtest                        
1     0000aa73  _terminal_input_state           
1     0000aa74  _timer0_count                   
1     0000aa75  _scic_rx_msg_flag               
1     0000aa76  _scib_rx_msg_flag               
1     0000aa77  _init_charge_flag               
1     0000aa78  _code_dac_scale_ch2             
1     0000aa7a  _code_dac_offset_ch3            
1     0000aa7c  _jog_speed                      
1     0000aa7e  _code_dac_offset_ch2            
1     0000aa80  _min_vf_ref                     
1     0000aa82  _code_dac_offset_ch1            
1     0000aa84  _over_speed_level               
1     0000aa86  _under_volt_set                 
1     0000aa88  _pre_charge_time                
1     0000aa8a  _e_thermal_level                
1     0000aa8c  _Is_Max_Coeff                   
1     0000aa8e  _code_dac_scale_ch4             
1     0000aa90  _code_dac_scale_ch3             
1     0000aa92  _over_current_level             
1     0000aa94  _code_dac_offset_ch4            
1     0000aa96  _code_speed2                    
1     0000aa98  _code_speed1                    
1     0000aa9a  _code_speed4                    
1     0000aa9c  _code_speed3                    
1     0000aa9e  _rpm_Coeff                      
1     0000aaa0  _wm_rat                         
1     0000aaa2  _wr_rat                         
1     0000aaa4  _Vdc_fnd_data                   
1     0000aaa6  _analog_cmd_in_zero2            
1     0000aaa8  _analog_cmd_in_span1            
1     0000aaaa  _code_dac_scale_ch1             
1     0000aaac  _analog_cmd_in_span2            
1     0000aaae  _analog_cmd_in_zero1            
1     0000aab0  _code_speed5                    
1     0000aab2  _Fs_rat                         
1     0000aab4  _rpm_ref                        
1     0000aab6  _VF_Freq_TrqBoost               
1     0000aab8  _VF_Fs_Coeff                    
1     0000aaba  _VF_Vs_Coeff_TrqBoost           
1     0000aabc  _VF_IR_Comp_FilterPole          
1     0000aabe  _VF_Rs_ThermalCoeff             
1     0000aac0  _R_phase_I_sense_span           
1     0000aac2  _S_phase_I_sense_span           
1     0000aac4  _VF_ExcitationTime              
1     0000aac6  _VF_DeadTimeGain                
1     0000aac8  _GainUpdateTimer                
1     0000aaca  _Data_Init                      
1     0000aacc  _Vs_Coeff_Leq_Req               
1     0000aace  _Freq_rat                       
1     0000aad0  _Is_Leq_Req                     
1     0000aad2  _VF_Rs                          
1     0000aad4  _VF_Slip_Comp_FilterPole        
1     0000aad6  _Data_Check                     
1     0000aad8  _Data_Load                      
1     0000aada  _Data_Backup                    
1     0000aadc  _inv_Freq_rat                   
1     0000aade  _code_Vdc_calc_low              
1     0000aae0  _code_adc_vdc_high              
1     0000aae2  _code_Vdc_calc_high             
1     0000aae4  _motor_rate_volt                
1     0000aae6  _motor_rate_power               
1     0000aae8  _over_I_time                    
1     0000aaea  _over_volt_set                  
1     0000aaec  _code_Vdc_scaler                
1     0000aaee  _code_adc_vdc_low               
1     0000aaf0  _code_Vdc_offseter              
1     0000aaf2  _u_phase_I_sense_span           
1     0000aaf4  _I_sense_value                  
1     0000aaf6  _v_phase_I_sense_span           
1     0000aaf8  _vdc_sense_span                 
1     0000aafa  _vdc_sense_zero                 
1     0000aafc  _motor_rate_hz                  
1     0000aafe  _motor_rate_current             
1     0000ab00  _motor_rate_rpm                 
1     0000ab02  _motor_rate_effiency            
1     0000ab04  _motor_pole                     
1     0000ab06  _igbt_pwm_freq                  
1     0000ab08  _Freq_ref                       
1     0000ab0a  _Vs_ref                         
1     0000ab0c  _Freq_slip                      
1     0000ab0e  _Power_core                     
1     0000ab10  _Slip                           
1     0000ab12  _Te_ref                         
1     0000ab14  _Te_max                         
1     0000ab16  _Te                             
1     0000ab18  _Max_Trq_Coeff                  
1     0000ab1a  _LPF_Te                         
1     0000ab1c  _inv_C_ce                       
1     0000ab1e  _C_ce                           
1     0000ab20  _Freq_slip_rat                  
1     0000ab22  _RMS_Ia                         
1     0000ab24  _gulStartCount                  
1     0000ab26  _Power_gap                      
1     0000ab28  _Power_core_rat                 
1     0000ab2a  _Vs_IR_comp                     
1     0000ab2c  _C_ce_nF                        
1     0000ab2e  _del_Vs_comp                    
1     0000ab30  _S_lin                          
1     0000ab32  _Freq_out                       
1     0000ab34  _Vs_max                         
1     0000ab36  _rpm                            
1     0000ab38  _reference_out                  
1     0000ab3a  _reference_in                   
1     0000ab3c  _Is_mag                         
1     0000ab3e  _RMS_Ib                         
1     0000ab40  _Is_mag_rms                     
1     0000ab42  _Vdc                            
1     0000ab44  _Is_max                         
1     0000ab46  _theta                          
1     0000ab48  _frequency                      
1     0000ab4a  _SinTheta                       
1     0000ab4c  _CosDeltaTheta                  
1     0000ab4e  _CosTheta                       
1     0000ab50  _reference1                     
1     0000ab52  _reference0                     
1     0000ab54  _we_in                          
1     0000ab56  _we0                            
1     0000ab58  _we                             
1     0000ab5a  _SinDeltaTheta                  
1     0000ab5c  _S_rat                          
1     0000ab5e  _AnaCmdReference                
1     0000ab60  _ref_time                       
1     0000ab62  _P_pair                         
1     0000ab64  _Vdc_calc_offset                
1     0000ab66  _Ts                             
1     0000ab68  _inv_Ts                         
1     0000ab6a  _Kt                             
1     0000ab6c  _func_flag                      
1     0000ab6e  _decel_time1                    
1     0000ab70  _accel_time1                    
1     0000ab72  _decel_time2                    
1     0000ab74  _accel_time2                    
1     0000ab76  _btn_start_ref                  
1     0000ab78  _Vdc_factor                     
1     0000ab7a  _inv_P_pair                     
1     0000ab7c  _analog_ref_b                   
1     0000ab7e  _OverCurLimit                   
1     0000ab80  _gdouSciCmdData                 
1     0000ab82  _Is_rat                         
1     0000ab84  _Im_Power                       
1     0000ab86  _Vs_rat                         
1     0000ab88  _Re_Power                       
1     0000ab8a  _Te_rat                         
1     0000ab8c  _inv_Te_rat                     
1     0000ab8e  _we_rat                         
1     0000ab90  _inv_motor_rate_hz              
1     0000ab92  _inv_Is_rat                     
1     0000ab94  _gfRunTime                      
1     0000ab96  _analog_ref_a                   
1     0000ab98  _inv_MAX_PWM_CNT                
1     0000ab9a  _inv_Kt                         
1     0000ab9c  _Freq_set                       
1     0000ab9e  _DutyCount                      
1     0000aba2  _Is_DQ                          
1     0000aba6  _Vs_DQ                          
1     0000abaa  _Is_dq                          
1     0000abae  _Vs_dq_ref                      
1     0000abb2  _Us_dq                          
1     0000abb6  _Vs_dq                          
1     0000abba  _Vs_abc_ref                     
1     0000abc0  _Vs_abc                         
1     0000abc6  _sgn_Is                         
1     0000abcc  _DutyRatio                      
1     0000abd2  _Is_abc                         
1     0000abd8  _gStr2                          
1     0000abe2  _TimeInput                      
1     0000abef  _adc_result                     
1     0000ac00  _gSciaRxBuf                     
1     0000ac11  _gSciaTxBuf                     
1     0000ac40  _MonitorMsg                     
1     0000ac80  _gStr1                          
1     0000acc0  _code_inform                    
1     0000ad00  _TripInfo                       
1     0000ad80  _TripInfoNow                    
1     0000add6  __lock                          
1     0000add8  __unlock                        
1     0000ae00  _i                              
1     0000ae02  _Pulse_Counter_MT               
1     0000ae04  _mt                             
1     0000ae06  _Dir_mt                         
1     0000ae08  _Dir_est                        
1     0000ae0a  _pulse_num                      
1     0000ae0c  _Thetarm_tmp                    
1     0000ae0e  _err_tmp                        
1     0000ae10  _Te_tmp                         
1     0000ae12  _pls                            
1     0000ae14  _Pulse_Counter_est              
1     0000ae16  _Wrm_tmp                        
1     0000ae18  _Tl_tmp                         
1     0000ae1a  _Wrm_est_flt                    
1     0000ae1c  _Wrm_est_old                    
1     0000ae1e  _Wrm_mt_old                     
1     0000ae20  _Thetarm_err                    
1     0000ae22  _Thetarm_est                    
1     0000ae24  _Wrm_est                        
1     0000ae26  _Flag_first_MT                  
1     0000ae28  _Tl_est                         
1     0000ae2a  _MT_Timer                       
1     0000ae2c  _Wrm_mt_flt                     
1     0000ae2e  _Wrm_det_old                    
1     0000ae30  _Overflow_num                   
1     0000ae32  _Wrm_mt                         
1     0000ae34  _L3_sp_tmp                      
1     0000ae36  _L3_sp_est                      
1     0000ae38  _Pole_pair                      
1     0000ae3a  _inv_Jm                         
1     0000ae3c  _LAMdre_ref                     
1     0000ae3e  _L2_sp_est                      
1     0000ae40  _Ls                             
1     0000ae42  _Lm                             
1     0000ae44  _Lr                             
1     0000ae46  _Jm                             
1     0000ae48  _a                              
1     0000ae4a  _MT_Time                        
1     0000ae4c  _K_Wrm                          
1     0000ae4e  _K_Wrm2                         
1     0000ae50  _K_Wrm1                         
1     0000ae52  _Thetarm_enc                    
1     0000ae54  _Wrm_det                        
1     0000ae56  _L1_sp_est                      
1     0000ae58  _Wrm_det_flt                    
1     0000ae5a  _Wrpm_det                       
1     0000ae5c  _Wr                             
1     0000ae5e  _Wrpm_max                       
1     0000ae80  _code_group_length              
1     0000ae9a  _code_group_start               
1     003d7e80  _PartIdRegs                     
1     003f7ff8  _CsmPwl                         
abs   00000200  __STACK_SIZE                    
abs   ffffffff  ___TI_pprof_out_hndl            
abs   ffffffff  ___TI_prof_data_size            
abs   ffffffff  ___TI_prof_data_start           
abs   ffffffff  ___binit__                      
abs   ffffffff  ___c_args__                     
abs   ffffffff  ___pinit__                      
abs   ffffffff  binit                           
abs   ffffffff  pinit                           
n/a   UNDEFED   _EPwm_All_Disable               
n/a   UNDEFED   _EPwm_OSC_Enable                
n/a   UNDEFED   _InitAdc                        
n/a   UNDEFED   _Init_Filters                   
n/a   UNDEFED   _SpaceVectorModulation          
n/a   UNDEFED   _TripProc                       
n/a   UNDEFED   _VoltageEstimation              
n/a   UNDEFED   _ZONE0_BUF                      
n/a   UNDEFED   _ZONE7_BUF                      
n/a   UNDEFED   _load_scib_tx_mail_box          
n/a   UNDEFED   _load_scic_tx_mail_box          
n/a   UNDEFED   _scib_cmd_proc                  
n/a   UNDEFED   _scib_fifo_init                 
n/a   UNDEFED   _scic_cmd_proc                  
n/a   UNDEFED   _scic_fifo_init                 

[647 symbols]
