<?xml version="1.0"?>
<link_info>
   <banner>TMS320C2000 Linker Unix v16.9.3.LTS</banner>
   <copyright>Copyright (c) 1996-2017 Texas Instruments Incorporated</copyright>
   <link_time>0x598dafe3</link_time>
   <link_errors>0x0</link_errors>
   <output_file>singlePhaseInverter.out</output_file>
   <entry_point>
      <name>code_start</name>
      <address>0x0</address>
   </entry_point>
   <input_file_list>
      <input_file id="fl-4">
         <path>./</path>
         <kind>object</kind>
         <file>Core_Speed_Calc.obj</file>
         <name>Core_Speed_Calc.obj</name>
      </input_file>
      <input_file id="fl-5">
         <path>./</path>
         <kind>object</kind>
         <file>DS1307.obj</file>
         <name>DS1307.obj</name>
      </input_file>
      <input_file id="fl-6">
         <path>./</path>
         <kind>object</kind>
         <file>F2806x_Adc.obj</file>
         <name>F2806x_Adc.obj</name>
      </input_file>
      <input_file id="fl-7">
         <path>./</path>
         <kind>object</kind>
         <file>F2806x_CodeStartBranch.obj</file>
         <name>F2806x_CodeStartBranch.obj</name>
      </input_file>
      <input_file id="fl-8">
         <path>./</path>
         <kind>object</kind>
         <file>F2806x_CpuTimers.obj</file>
         <name>F2806x_CpuTimers.obj</name>
      </input_file>
      <input_file id="fl-9">
         <path>./</path>
         <kind>object</kind>
         <file>F2806x_DefaultIsr.obj</file>
         <name>F2806x_DefaultIsr.obj</name>
      </input_file>
      <input_file id="fl-a">
         <path>./</path>
         <kind>object</kind>
         <file>F2806x_EPwm.obj</file>
         <name>F2806x_EPwm.obj</name>
      </input_file>
      <input_file id="fl-b">
         <path>./</path>
         <kind>object</kind>
         <file>F2806x_GlobalVariableDefs.obj</file>
         <name>F2806x_GlobalVariableDefs.obj</name>
      </input_file>
      <input_file id="fl-c">
         <path>./</path>
         <kind>object</kind>
         <file>F2806x_PieCtrl.obj</file>
         <name>F2806x_PieCtrl.obj</name>
      </input_file>
      <input_file id="fl-d">
         <path>./</path>
         <kind>object</kind>
         <file>F2806x_PieVect.obj</file>
         <name>F2806x_PieVect.obj</name>
      </input_file>
      <input_file id="fl-e">
         <path>./</path>
         <kind>object</kind>
         <file>F2806x_SysCtrl.obj</file>
         <name>F2806x_SysCtrl.obj</name>
      </input_file>
      <input_file id="fl-f">
         <path>./</path>
         <kind>object</kind>
         <file>F2806x_usDelay.obj</file>
         <name>F2806x_usDelay.obj</name>
      </input_file>
      <input_file id="fl-10">
         <path>./</path>
         <kind>object</kind>
         <file>I2C_eeprom.obj</file>
         <name>I2C_eeprom.obj</name>
      </input_file>
      <input_file id="fl-11">
         <path>./</path>
         <kind>object</kind>
         <file>MonitorProc.obj</file>
         <name>MonitorProc.obj</name>
      </input_file>
      <input_file id="fl-12">
         <path>./</path>
         <kind>object</kind>
         <file>ParameterSet.obj</file>
         <name>ParameterSet.obj</name>
      </input_file>
      <input_file id="fl-13">
         <path>./</path>
         <kind>object</kind>
         <file>RefFunc.obj</file>
         <name>RefFunc.obj</name>
      </input_file>
      <input_file id="fl-14">
         <path>./</path>
         <kind>object</kind>
         <file>Set_Par.obj</file>
         <name>Set_Par.obj</name>
      </input_file>
      <input_file id="fl-15">
         <path>./</path>
         <kind>object</kind>
         <file>analog.obj</file>
         <name>analog.obj</name>
      </input_file>
      <input_file id="fl-16">
         <path>./</path>
         <kind>object</kind>
         <file>code_group_all.obj</file>
         <name>code_group_all.obj</name>
      </input_file>
      <input_file id="fl-17">
         <path>./</path>
         <kind>object</kind>
         <file>code_proc.obj</file>
         <name>code_proc.obj</name>
      </input_file>
      <input_file id="fl-18">
         <path>./</path>
         <kind>object</kind>
         <file>common_control.obj</file>
         <name>common_control.obj</name>
      </input_file>
      <input_file id="fl-19">
         <path>./</path>
         <kind>object</kind>
         <file>common_module.obj</file>
         <name>common_module.obj</name>
      </input_file>
      <input_file id="fl-1a">
         <path>./</path>
         <kind>object</kind>
         <file>digital_inout.obj</file>
         <name>digital_inout.obj</name>
      </input_file>
      <input_file id="fl-1b">
         <path>./</path>
         <kind>object</kind>
         <file>f28069GpioSetup.obj</file>
         <name>f28069GpioSetup.obj</name>
      </input_file>
      <input_file id="fl-1c">
         <path>./</path>
         <kind>object</kind>
         <file>main.obj</file>
         <name>main.obj</name>
      </input_file>
      <input_file id="fl-1d">
         <path>./</path>
         <kind>object</kind>
         <file>scia.obj</file>
         <name>scia.obj</name>
      </input_file>
      <input_file id="fl-1e">
         <path>./</path>
         <kind>object</kind>
         <file>serial_com.obj</file>
         <name>serial_com.obj</name>
      </input_file>
      <input_file id="fl-1f">
         <path>./</path>
         <kind>object</kind>
         <file>set_dac_point.obj</file>
         <name>set_dac_point.obj</name>
      </input_file>
      <input_file id="fl-20">
         <path>./</path>
         <kind>object</kind>
         <file>svm.obj</file>
         <name>svm.obj</name>
      </input_file>
      <input_file id="fl-21">
         <path>./</path>
         <kind>object</kind>
         <file>switching_irq.obj</file>
         <name>switching_irq.obj</name>
      </input_file>
      <input_file id="fl-22">
         <path>./</path>
         <kind>object</kind>
         <file>trip_proc.obj</file>
         <name>trip_proc.obj</name>
      </input_file>
      <input_file id="fl-23">
         <path>./</path>
         <kind>object</kind>
         <file>udd_timer_irq.obj</file>
         <name>udd_timer_irq.obj</name>
      </input_file>
      <input_file id="fl-24">
         <path>./</path>
         <kind>object</kind>
         <file>vf_contol.obj</file>
         <name>vf_contol.obj</name>
      </input_file>
      <input_file id="fl-29">
         <kind>object</kind>
         <file>&lt;internal&gt;</file>
         <name>&lt;internal&gt;</name>
      </input_file>
      <input_file id="fl-2a">
         <path>/home/eunwho/ti/c2000/C2000Ware_1_00_01_00/libraries/math/FPUfastRTS/c28/lib/</path>
         <kind>archive</kind>
         <file>rts2800_fpu32_fast_supplement.lib</file>
         <name>div_f32.obj</name>
      </input_file>
      <input_file id="fl-2b">
         <path>/home/eunwho/ti/ccsv7/tools/compiler/ti-cgt-c2000_16.9.3.LTS/lib/</path>
         <kind>archive</kind>
         <file>rts2800_fpu32.lib</file>
         <name>i_div28.obj</name>
      </input_file>
      <input_file id="fl-2c">
         <path>/home/eunwho/ti/ccsv7/tools/compiler/ti-cgt-c2000_16.9.3.LTS/lib/</path>
         <kind>archive</kind>
         <file>rts2800_fpu32.lib</file>
         <name>atof.obj</name>
      </input_file>
      <input_file id="fl-2d">
         <path>/home/eunwho/ti/ccsv7/tools/compiler/ti-cgt-c2000_16.9.3.LTS/lib/</path>
         <kind>archive</kind>
         <file>rts2800_fpu32.lib</file>
         <name>boot28.obj</name>
      </input_file>
      <input_file id="fl-2e">
         <path>/home/eunwho/ti/ccsv7/tools/compiler/ti-cgt-c2000_16.9.3.LTS/lib/</path>
         <kind>archive</kind>
         <file>rts2800_fpu32.lib</file>
         <name>args_main.obj</name>
      </input_file>
      <input_file id="fl-2f">
         <path>/home/eunwho/ti/ccsv7/tools/compiler/ti-cgt-c2000_16.9.3.LTS/lib/</path>
         <kind>archive</kind>
         <file>rts2800_fpu32.lib</file>
         <name>startup.obj</name>
      </input_file>
      <input_file id="fl-30">
         <path>/home/eunwho/ti/ccsv7/tools/compiler/ti-cgt-c2000_16.9.3.LTS/lib/</path>
         <kind>archive</kind>
         <file>rts2800_fpu32.lib</file>
         <name>pre_init.obj</name>
      </input_file>
      <input_file id="fl-31">
         <path>/home/eunwho/ti/ccsv7/tools/compiler/ti-cgt-c2000_16.9.3.LTS/lib/</path>
         <kind>archive</kind>
         <file>rts2800_fpu32.lib</file>
         <name>cpy_tbl.obj</name>
      </input_file>
      <input_file id="fl-32">
         <path>/home/eunwho/ti/c2000/C2000Ware_1_00_01_00/libraries/math/FPUfastRTS/c28/lib/</path>
         <kind>archive</kind>
         <file>rts2800_fpu32_fast_supplement.lib</file>
         <name>cos_f32.obj</name>
      </input_file>
      <input_file id="fl-33">
         <path>/home/eunwho/ti/c2000/C2000Ware_1_00_01_00/libraries/math/FPUfastRTS/c28/lib/</path>
         <kind>archive</kind>
         <file>rts2800_fpu32_fast_supplement.lib</file>
         <name>FPUmathTables.obj</name>
      </input_file>
      <input_file id="fl-34">
         <path>/home/eunwho/ti/ccsv7/tools/compiler/ti-cgt-c2000_16.9.3.LTS/lib/</path>
         <kind>archive</kind>
         <file>rts2800_fpu32.lib</file>
         <name>exit.obj</name>
      </input_file>
      <input_file id="fl-35">
         <path>/home/eunwho/ti/ccsv7/tools/compiler/ti-cgt-c2000_16.9.3.LTS/lib/</path>
         <kind>archive</kind>
         <file>rts2800_fpu32.lib</file>
         <name>_lock.obj</name>
      </input_file>
      <input_file id="fl-36">
         <path>/home/eunwho/ti/ccsv7/tools/compiler/ti-cgt-c2000_16.9.3.LTS/lib/</path>
         <kind>archive</kind>
         <file>rts2800_fpu32.lib</file>
         <name>s_floorf.obj</name>
      </input_file>
      <input_file id="fl-37">
         <path>/home/eunwho/ti/ccsv7/tools/compiler/ti-cgt-c2000_16.9.3.LTS/lib/</path>
         <kind>archive</kind>
         <file>rts2800_fpu32.lib</file>
         <name>memcpy.obj</name>
      </input_file>
      <input_file id="fl-38">
         <path>/home/eunwho/ti/c2000/C2000Ware_1_00_01_00/libraries/math/FPUfastRTS/c28/lib/</path>
         <kind>archive</kind>
         <file>rts2800_fpu32_fast_supplement.lib</file>
         <name>sin_f32.obj</name>
      </input_file>
      <input_file id="fl-39">
         <path>/home/eunwho/ti/ccsv7/tools/compiler/ti-cgt-c2000_16.9.3.LTS/lib/</path>
         <kind>archive</kind>
         <file>rts2800_fpu32.lib</file>
         <name>snprintf.obj</name>
      </input_file>
      <input_file id="fl-3a">
         <path>/home/eunwho/ti/ccsv7/tools/compiler/ti-cgt-c2000_16.9.3.LTS/lib/</path>
         <kind>archive</kind>
         <file>rts2800_fpu32.lib</file>
         <name>_printfi.obj</name>
      </input_file>
      <input_file id="fl-3b">
         <path>/home/eunwho/ti/ccsv7/tools/compiler/ti-cgt-c2000_16.9.3.LTS/lib/</path>
         <kind>archive</kind>
         <file>rts2800_fpu32.lib</file>
         <name>fd_cmp28.obj</name>
      </input_file>
      <input_file id="fl-3c">
         <path>/home/eunwho/ti/ccsv7/tools/compiler/ti-cgt-c2000_16.9.3.LTS/lib/</path>
         <kind>archive</kind>
         <file>rts2800_fpu32.lib</file>
         <name>fd_div28.obj</name>
      </input_file>
      <input_file id="fl-3d">
         <path>/home/eunwho/ti/ccsv7/tools/compiler/ti-cgt-c2000_16.9.3.LTS/lib/</path>
         <kind>archive</kind>
         <file>rts2800_fpu32.lib</file>
         <name>fd_mpy28.obj</name>
      </input_file>
      <input_file id="fl-3e">
         <path>/home/eunwho/ti/ccsv7/tools/compiler/ti-cgt-c2000_16.9.3.LTS/lib/</path>
         <kind>archive</kind>
         <file>rts2800_fpu32.lib</file>
         <name>fd_neg28.obj</name>
      </input_file>
      <input_file id="fl-3f">
         <path>/home/eunwho/ti/ccsv7/tools/compiler/ti-cgt-c2000_16.9.3.LTS/lib/</path>
         <kind>archive</kind>
         <file>rts2800_fpu32.lib</file>
         <name>fd_sub28.obj</name>
      </input_file>
      <input_file id="fl-40">
         <path>/home/eunwho/ti/ccsv7/tools/compiler/ti-cgt-c2000_16.9.3.LTS/lib/</path>
         <kind>archive</kind>
         <file>rts2800_fpu32.lib</file>
         <name>fd_add28.obj</name>
      </input_file>
      <input_file id="fl-41">
         <path>/home/eunwho/ti/ccsv7/tools/compiler/ti-cgt-c2000_16.9.3.LTS/lib/</path>
         <kind>archive</kind>
         <file>rts2800_fpu32.lib</file>
         <name>fd_toi28.obj</name>
      </input_file>
      <input_file id="fl-42">
         <path>/home/eunwho/ti/ccsv7/tools/compiler/ti-cgt-c2000_16.9.3.LTS/lib/</path>
         <kind>archive</kind>
         <file>rts2800_fpu32.lib</file>
         <name>fd_tol28.obj</name>
      </input_file>
      <input_file id="fl-43">
         <path>/home/eunwho/ti/ccsv7/tools/compiler/ti-cgt-c2000_16.9.3.LTS/lib/</path>
         <kind>archive</kind>
         <file>rts2800_fpu32.lib</file>
         <name>fs_tofdfpu32.obj</name>
      </input_file>
      <input_file id="fl-44">
         <path>/home/eunwho/ti/ccsv7/tools/compiler/ti-cgt-c2000_16.9.3.LTS/lib/</path>
         <kind>archive</kind>
         <file>rts2800_fpu32.lib</file>
         <name>i_tofd28.obj</name>
      </input_file>
      <input_file id="fl-45">
         <path>/home/eunwho/ti/ccsv7/tools/compiler/ti-cgt-c2000_16.9.3.LTS/lib/</path>
         <kind>archive</kind>
         <file>rts2800_fpu32.lib</file>
         <name>l_tofd28.obj</name>
      </input_file>
      <input_file id="fl-46">
         <path>/home/eunwho/ti/ccsv7/tools/compiler/ti-cgt-c2000_16.9.3.LTS/lib/</path>
         <kind>archive</kind>
         <file>rts2800_fpu32.lib</file>
         <name>ll_aox28.obj</name>
      </input_file>
      <input_file id="fl-47">
         <path>/home/eunwho/ti/ccsv7/tools/compiler/ti-cgt-c2000_16.9.3.LTS/lib/</path>
         <kind>archive</kind>
         <file>rts2800_fpu32.lib</file>
         <name>ll_cmp28.obj</name>
      </input_file>
      <input_file id="fl-48">
         <path>/home/eunwho/ti/ccsv7/tools/compiler/ti-cgt-c2000_16.9.3.LTS/lib/</path>
         <kind>archive</kind>
         <file>rts2800_fpu32.lib</file>
         <name>ll_div28.obj</name>
      </input_file>
      <input_file id="fl-49">
         <path>/home/eunwho/ti/ccsv7/tools/compiler/ti-cgt-c2000_16.9.3.LTS/lib/</path>
         <kind>archive</kind>
         <file>rts2800_fpu32.lib</file>
         <name>atoi.obj</name>
      </input_file>
      <input_file id="fl-4a">
         <path>/home/eunwho/ti/ccsv7/tools/compiler/ti-cgt-c2000_16.9.3.LTS/lib/</path>
         <kind>archive</kind>
         <file>rts2800_fpu32.lib</file>
         <name>ctype.obj</name>
      </input_file>
      <input_file id="fl-4b">
         <path>/home/eunwho/ti/ccsv7/tools/compiler/ti-cgt-c2000_16.9.3.LTS/lib/</path>
         <kind>archive</kind>
         <file>rts2800_fpu32.lib</file>
         <name>s_frexp.obj</name>
      </input_file>
      <input_file id="fl-4c">
         <path>/home/eunwho/ti/ccsv7/tools/compiler/ti-cgt-c2000_16.9.3.LTS/lib/</path>
         <kind>archive</kind>
         <file>rts2800_fpu32.lib</file>
         <name>s_scalbn.obj</name>
      </input_file>
      <input_file id="fl-4d">
         <path>/home/eunwho/ti/ccsv7/tools/compiler/ti-cgt-c2000_16.9.3.LTS/lib/</path>
         <kind>archive</kind>
         <file>rts2800_fpu32.lib</file>
         <name>s_copysign.obj</name>
      </input_file>
      <input_file id="fl-4e">
         <path>/home/eunwho/ti/ccsv7/tools/compiler/ti-cgt-c2000_16.9.3.LTS/lib/</path>
         <kind>archive</kind>
         <file>rts2800_fpu32.lib</file>
         <name>errno.obj</name>
      </input_file>
      <input_file id="fl-4f">
         <path>/home/eunwho/ti/ccsv7/tools/compiler/ti-cgt-c2000_16.9.3.LTS/lib/</path>
         <kind>archive</kind>
         <file>rts2800_fpu32.lib</file>
         <name>ltoa.obj</name>
      </input_file>
      <input_file id="fl-50">
         <path>/home/eunwho/ti/ccsv7/tools/compiler/ti-cgt-c2000_16.9.3.LTS/lib/</path>
         <kind>archive</kind>
         <file>rts2800_fpu32.lib</file>
         <name>l_div28.obj</name>
      </input_file>
      <input_file id="fl-51">
         <path>/home/eunwho/ti/ccsv7/tools/compiler/ti-cgt-c2000_16.9.3.LTS/lib/</path>
         <kind>archive</kind>
         <file>rts2800_fpu32.lib</file>
         <name>memccpy.obj</name>
      </input_file>
      <input_file id="fl-52">
         <path>/home/eunwho/ti/ccsv7/tools/compiler/ti-cgt-c2000_16.9.3.LTS/lib/</path>
         <kind>archive</kind>
         <file>rts2800_fpu32.lib</file>
         <name>memset.obj</name>
      </input_file>
      <input_file id="fl-53">
         <path>/home/eunwho/ti/c2000/C2000Ware_1_00_01_00/libraries/math/FPUfastRTS/c28/lib/</path>
         <kind>archive</kind>
         <file>rts2800_fpu32_fast_supplement.lib</file>
         <name>sqrt_f32.obj</name>
      </input_file>
      <input_file id="fl-54">
         <path>/home/eunwho/ti/ccsv7/tools/compiler/ti-cgt-c2000_16.9.3.LTS/lib/</path>
         <kind>archive</kind>
         <file>rts2800_fpu32.lib</file>
         <name>strchr.obj</name>
      </input_file>
      <input_file id="fl-55">
         <path>/home/eunwho/ti/ccsv7/tools/compiler/ti-cgt-c2000_16.9.3.LTS/lib/</path>
         <kind>archive</kind>
         <file>rts2800_fpu32.lib</file>
         <name>strcpy.obj</name>
      </input_file>
      <input_file id="fl-56">
         <path>/home/eunwho/ti/ccsv7/tools/compiler/ti-cgt-c2000_16.9.3.LTS/lib/</path>
         <kind>archive</kind>
         <file>rts2800_fpu32.lib</file>
         <name>strlen.obj</name>
      </input_file>
      <input_file id="fl-57">
         <path>/home/eunwho/ti/ccsv7/tools/compiler/ti-cgt-c2000_16.9.3.LTS/lib/</path>
         <kind>archive</kind>
         <file>rts2800_fpu32.lib</file>
         <name>strncpy.obj</name>
      </input_file>
      <input_file id="fl-58">
         <path>/home/eunwho/ti/ccsv7/tools/compiler/ti-cgt-c2000_16.9.3.LTS/lib/</path>
         <kind>archive</kind>
         <file>rts2800_fpu32.lib</file>
         <name>strtod.obj</name>
      </input_file>
   </input_file_list>
   <object_component_list>
      <object_component id="oc-4c">
         <name>codestart</name>
         <load_address>0x0</load_address>
         <run_address>0x0</run_address>
         <size>0x2</size>
         <input_file_ref idref="fl-7"/>
      </object_component>
      <object_component id="oc-be">
         <name>ramfuncs</name>
         <load_address>0x361</load_address>
         <run_address>0x361</run_address>
         <size>0x4</size>
         <input_file_ref idref="fl-f"/>
      </object_component>
      <object_component id="oc-259">
         <name>.text</name>
         <load_address>0xc000</load_address>
         <run_address>0xc000</run_address>
         <size>0xc16</size>
         <input_file_ref idref="fl-3a"/>
      </object_component>
      <object_component id="oc-235">
         <name>.text</name>
         <load_address>0xcc16</load_address>
         <run_address>0xcc16</run_address>
         <size>0x5b0</size>
         <input_file_ref idref="fl-20"/>
      </object_component>
      <object_component id="oc-24d">
         <name>.text</name>
         <load_address>0xd1c6</load_address>
         <run_address>0xd1c6</run_address>
         <size>0x3a6</size>
         <input_file_ref idref="fl-17"/>
      </object_component>
      <object_component id="oc-6a">
         <name>.text:retain</name>
         <load_address>0xd56c</load_address>
         <run_address>0xd56c</run_address>
         <size>0x39b</size>
         <input_file_ref idref="fl-9"/>
      </object_component>
      <object_component id="oc-240">
         <name>.text</name>
         <load_address>0xd907</load_address>
         <run_address>0xd907</run_address>
         <size>0x355</size>
         <input_file_ref idref="fl-22"/>
      </object_component>
      <object_component id="oc-233">
         <name>.text</name>
         <load_address>0xdc5c</load_address>
         <run_address>0xdc5c</run_address>
         <size>0x331</size>
         <input_file_ref idref="fl-4"/>
      </object_component>
      <object_component id="oc-238">
         <name>.text</name>
         <load_address>0xdf8d</load_address>
         <run_address>0xdf8d</run_address>
         <size>0x2da</size>
         <input_file_ref idref="fl-19"/>
      </object_component>
      <object_component id="oc-244">
         <name>.text</name>
         <load_address>0xe267</load_address>
         <run_address>0xe267</run_address>
         <size>0x2b8</size>
         <input_file_ref idref="fl-1c"/>
      </object_component>
      <object_component id="oc-242">
         <name>.text</name>
         <load_address>0xe51f</load_address>
         <run_address>0xe51f</run_address>
         <size>0x255</size>
         <input_file_ref idref="fl-10"/>
      </object_component>
      <object_component id="oc-234">
         <name>.text</name>
         <load_address>0xe774</load_address>
         <run_address>0xe774</run_address>
         <size>0x24a</size>
         <input_file_ref idref="fl-1b"/>
      </object_component>
      <object_component id="oc-250">
         <name>.text</name>
         <load_address>0xe9be</load_address>
         <run_address>0xe9be</run_address>
         <size>0x23a</size>
         <input_file_ref idref="fl-6"/>
      </object_component>
      <object_component id="oc-23f">
         <name>.text</name>
         <load_address>0xebf8</load_address>
         <run_address>0xebf8</run_address>
         <size>0x237</size>
         <input_file_ref idref="fl-24"/>
      </object_component>
      <object_component id="oc-248">
         <name>.text</name>
         <load_address>0xee2f</load_address>
         <run_address>0xee2f</run_address>
         <size>0x1b4</size>
         <input_file_ref idref="fl-14"/>
      </object_component>
      <object_component id="oc-239">
         <name>.text</name>
         <load_address>0xefe3</load_address>
         <run_address>0xefe3</run_address>
         <size>0x18c</size>
         <input_file_ref idref="fl-e"/>
      </object_component>
      <object_component id="oc-251">
         <name>.text</name>
         <load_address>0xf16f</load_address>
         <run_address>0xf16f</run_address>
         <size>0x11d</size>
         <input_file_ref idref="fl-5"/>
      </object_component>
      <object_component id="oc-25a">
         <name>.text</name>
         <load_address>0xf28c</load_address>
         <run_address>0xf28c</run_address>
         <size>0x11d</size>
         <input_file_ref idref="fl-58"/>
      </object_component>
      <object_component id="oc-247">
         <name>.text</name>
         <load_address>0xf3a9</load_address>
         <run_address>0xf3a9</run_address>
         <size>0x10f</size>
         <input_file_ref idref="fl-12"/>
      </object_component>
      <object_component id="oc-1e1">
         <name>.text</name>
         <load_address>0xf4b8</load_address>
         <run_address>0xf4b8</run_address>
         <size>0x107</size>
         <input_file_ref idref="fl-48"/>
      </object_component>
      <object_component id="oc-24b">
         <name>.text</name>
         <load_address>0xf5bf</load_address>
         <run_address>0xf5bf</run_address>
         <size>0x104</size>
         <input_file_ref idref="fl-13"/>
      </object_component>
      <object_component id="oc-24c">
         <name>.text</name>
         <load_address>0xf6c3</load_address>
         <run_address>0xf6c3</run_address>
         <size>0xea</size>
         <input_file_ref idref="fl-1d"/>
      </object_component>
      <object_component id="oc-237">
         <name>.text</name>
         <load_address>0xf7ad</load_address>
         <run_address>0xf7ad</run_address>
         <size>0xc4</size>
         <input_file_ref idref="fl-1a"/>
      </object_component>
      <object_component id="oc-25f">
         <name>.text</name>
         <load_address>0xf871</load_address>
         <run_address>0xf871</run_address>
         <size>0xbc</size>
         <input_file_ref idref="fl-4c"/>
      </object_component>
      <object_component id="oc-130">
         <name>.text:retain</name>
         <load_address>0xf92d</load_address>
         <run_address>0xf92d</run_address>
         <size>0xa8</size>
         <input_file_ref idref="fl-21"/>
      </object_component>
      <object_component id="oc-117">
         <name>.text:retain</name>
         <load_address>0xf9d5</load_address>
         <run_address>0xf9d5</run_address>
         <size>0xa3</size>
         <input_file_ref idref="fl-1d"/>
      </object_component>
      <object_component id="oc-1b9">
         <name>.text</name>
         <load_address>0xfa78</load_address>
         <run_address>0xfa78</run_address>
         <size>0x9c</size>
         <input_file_ref idref="fl-40"/>
      </object_component>
      <object_component id="oc-1a5">
         <name>.text</name>
         <load_address>0xfb14</load_address>
         <run_address>0xfb14</run_address>
         <size>0x8b</size>
         <input_file_ref idref="fl-3c"/>
      </object_component>
      <object_component id="oc-1aa">
         <name>.text</name>
         <load_address>0xfb9f</load_address>
         <run_address>0xfb9f</run_address>
         <size>0x83</size>
         <input_file_ref idref="fl-3d"/>
      </object_component>
      <object_component id="oc-13e">
         <name>.text:retain</name>
         <load_address>0xfc22</load_address>
         <run_address>0xfc22</run_address>
         <size>0x7f</size>
         <input_file_ref idref="fl-23"/>
      </object_component>
      <object_component id="oc-24f">
         <name>.text</name>
         <load_address>0xfca1</load_address>
         <run_address>0xfca1</run_address>
         <size>0x76</size>
         <input_file_ref idref="fl-8"/>
      </object_component>
      <object_component id="oc-25e">
         <name>.text</name>
         <load_address>0xfd17</load_address>
         <run_address>0xfd17</run_address>
         <size>0x5a</size>
         <input_file_ref idref="fl-4b"/>
      </object_component>
      <object_component id="oc-255">
         <name>.text</name>
         <load_address>0xfd71</load_address>
         <run_address>0xfd71</run_address>
         <size>0x5a</size>
         <input_file_ref idref="fl-39"/>
      </object_component>
      <object_component id="oc-254">
         <name>.text</name>
         <load_address>0xfdcb</load_address>
         <run_address>0xfdcb</run_address>
         <size>0x57</size>
         <input_file_ref idref="fl-36"/>
      </object_component>
      <object_component id="oc-159">
         <name>.text</name>
         <load_address>0xfe22</load_address>
         <run_address>0xfe22</run_address>
         <size>0x56</size>
         <input_file_ref idref="fl-2d"/>
      </object_component>
      <object_component id="oc-24a">
         <name>.text</name>
         <load_address>0xfe78</load_address>
         <run_address>0xfe78</run_address>
         <size>0x42</size>
         <input_file_ref idref="fl-11"/>
      </object_component>
      <object_component id="oc-e5">
         <name>.text:retain</name>
         <load_address>0xfeba</load_address>
         <run_address>0xfeba</run_address>
         <size>0x3b</size>
         <input_file_ref idref="fl-15"/>
      </object_component>
      <object_component id="oc-174">
         <name>.text</name>
         <load_address>0xfef5</load_address>
         <run_address>0xfef5</run_address>
         <size>0x34</size>
         <input_file_ref idref="fl-32"/>
      </object_component>
      <object_component id="oc-190">
         <name>.text</name>
         <load_address>0xff29</load_address>
         <run_address>0xff29</run_address>
         <size>0x34</size>
         <input_file_ref idref="fl-38"/>
      </object_component>
      <object_component id="oc-25b">
         <name>.text</name>
         <load_address>0xff5d</load_address>
         <run_address>0xff5d</run_address>
         <size>0x31</size>
         <input_file_ref idref="fl-49"/>
      </object_component>
      <object_component id="oc-25d">
         <name>.text</name>
         <load_address>0xff8e</load_address>
         <run_address>0xff8e</run_address>
         <size>0x2e</size>
         <input_file_ref idref="fl-4f"/>
      </object_component>
      <object_component id="oc-1a0">
         <name>.text</name>
         <load_address>0xffbc</load_address>
         <run_address>0xffbc</run_address>
         <size>0x2a</size>
         <input_file_ref idref="fl-3b"/>
      </object_component>
      <object_component id="oc-207">
         <name>.text</name>
         <load_address>0xffe6</load_address>
         <run_address>0xffe6</run_address>
         <size>0x2a</size>
         <input_file_ref idref="fl-50"/>
      </object_component>
      <object_component id="oc-23e">
         <name>.text</name>
         <load_address>0x10010</load_address>
         <run_address>0x10010</run_address>
         <size>0x29</size>
         <input_file_ref idref="fl-34"/>
      </object_component>
      <object_component id="oc-24e">
         <name>.text</name>
         <load_address>0x10039</load_address>
         <run_address>0x10039</run_address>
         <size>0x28</size>
         <input_file_ref idref="fl-c"/>
      </object_component>
      <object_component id="oc-23b">
         <name>.text</name>
         <load_address>0x10061</load_address>
         <run_address>0x10061</run_address>
         <size>0x24</size>
         <input_file_ref idref="fl-31"/>
      </object_component>
      <object_component id="oc-266">
         <name>.text</name>
         <load_address>0x10085</load_address>
         <run_address>0x10085</run_address>
         <size>0x24</size>
         <input_file_ref idref="fl-4d"/>
      </object_component>
      <object_component id="oc-14f">
         <name>.text</name>
         <load_address>0x100a9</load_address>
         <run_address>0x100a9</run_address>
         <size>0x22</size>
         <input_file_ref idref="fl-2b"/>
      </object_component>
      <object_component id="oc-1be">
         <name>.text</name>
         <load_address>0x100cb</load_address>
         <run_address>0x100cb</run_address>
         <size>0x21</size>
         <input_file_ref idref="fl-41"/>
      </object_component>
      <object_component id="oc-216">
         <name>.text</name>
         <load_address>0x100ec</load_address>
         <run_address>0x100ec</run_address>
         <size>0x21</size>
         <input_file_ref idref="fl-53"/>
      </object_component>
      <object_component id="oc-1c3">
         <name>.text</name>
         <load_address>0x1010d</load_address>
         <run_address>0x1010d</run_address>
         <size>0x1f</size>
         <input_file_ref idref="fl-42"/>
      </object_component>
      <object_component id="oc-1dc">
         <name>.text</name>
         <load_address>0x1012c</load_address>
         <run_address>0x1012c</run_address>
         <size>0x1e</size>
         <input_file_ref idref="fl-47"/>
      </object_component>
      <object_component id="oc-243">
         <name>.text</name>
         <load_address>0x1014a</load_address>
         <run_address>0x1014a</run_address>
         <size>0x1e</size>
         <input_file_ref idref="fl-37"/>
      </object_component>
      <object_component id="oc-249">
         <name>.text</name>
         <load_address>0x10168</load_address>
         <run_address>0x10168</run_address>
         <size>0x1e</size>
         <input_file_ref idref="fl-57"/>
      </object_component>
      <object_component id="oc-1cd">
         <name>.text</name>
         <load_address>0x10186</load_address>
         <run_address>0x10186</run_address>
         <size>0x1d</size>
         <input_file_ref idref="fl-44"/>
      </object_component>
      <object_component id="oc-1c8">
         <name>.text</name>
         <load_address>0x101a3</load_address>
         <run_address>0x101a3</run_address>
         <size>0x1c</size>
         <input_file_ref idref="fl-43"/>
      </object_component>
      <object_component id="oc-1d2">
         <name>.text</name>
         <load_address>0x101bf</load_address>
         <run_address>0x101bf</run_address>
         <size>0x1c</size>
         <input_file_ref idref="fl-45"/>
      </object_component>
      <object_component id="oc-241">
         <name>.text</name>
         <load_address>0x101db</load_address>
         <run_address>0x101db</run_address>
         <size>0x1b</size>
         <input_file_ref idref="fl-1e"/>
      </object_component>
      <object_component id="oc-23d">
         <name>.text</name>
         <load_address>0x101f6</load_address>
         <run_address>0x101f6</run_address>
         <size>0x19</size>
         <input_file_ref idref="fl-2e"/>
      </object_component>
      <object_component id="oc-14b">
         <name>.text</name>
         <load_address>0x1020f</load_address>
         <run_address>0x1020f</run_address>
         <size>0x19</size>
         <input_file_ref idref="fl-2a"/>
      </object_component>
      <object_component id="oc-1d7">
         <name>.text</name>
         <load_address>0x10228</load_address>
         <run_address>0x10228</run_address>
         <size>0x18</size>
         <input_file_ref idref="fl-46"/>
      </object_component>
      <object_component id="oc-10e">
         <name>.text:retain</name>
         <load_address>0x10240</load_address>
         <run_address>0x10240</run_address>
         <size>0x14</size>
         <input_file_ref idref="fl-1c"/>
      </object_component>
      <object_component id="oc-236">
         <name>.text</name>
         <load_address>0x10254</load_address>
         <run_address>0x10254</run_address>
         <size>0x10</size>
         <input_file_ref idref="fl-21"/>
      </object_component>
      <object_component id="oc-1b4">
         <name>.text</name>
         <load_address>0x10264</load_address>
         <run_address>0x10264</run_address>
         <size>0xe</size>
         <input_file_ref idref="fl-3f"/>
      </object_component>
      <object_component id="oc-262">
         <name>.text</name>
         <load_address>0x10272</load_address>
         <run_address>0x10272</run_address>
         <size>0xd</size>
         <input_file_ref idref="fl-51"/>
      </object_component>
      <object_component id="oc-261">
         <name>.text</name>
         <load_address>0x1027f</load_address>
         <run_address>0x1027f</run_address>
         <size>0xc</size>
         <input_file_ref idref="fl-52"/>
      </object_component>
      <object_component id="oc-260">
         <name>.text</name>
         <load_address>0x1028b</load_address>
         <run_address>0x1028b</run_address>
         <size>0xc</size>
         <input_file_ref idref="fl-54"/>
      </object_component>
      <object_component id="oc-252">
         <name>.text</name>
         <load_address>0x10297</load_address>
         <run_address>0x10297</run_address>
         <size>0x9</size>
         <input_file_ref idref="fl-35"/>
      </object_component>
      <object_component id="oc-1af">
         <name>.text</name>
         <load_address>0x102a0</load_address>
         <run_address>0x102a0</run_address>
         <size>0x9</size>
         <input_file_ref idref="fl-3e"/>
      </object_component>
      <object_component id="oc-5e">
         <name>.text</name>
         <load_address>0x102a9</load_address>
         <run_address>0x102a9</run_address>
         <size>0x8</size>
         <input_file_ref idref="fl-7"/>
      </object_component>
      <object_component id="oc-25c">
         <name>.text</name>
         <load_address>0x102b1</load_address>
         <run_address>0x102b1</run_address>
         <size>0x8</size>
         <input_file_ref idref="fl-56"/>
      </object_component>
      <object_component id="oc-257">
         <name>.text</name>
         <load_address>0x102b9</load_address>
         <run_address>0x102b9</run_address>
         <size>0x5</size>
         <input_file_ref idref="fl-55"/>
      </object_component>
      <object_component id="oc-256">
         <name>.text</name>
         <load_address>0x102be</load_address>
         <run_address>0x102be</run_address>
         <size>0x4</size>
         <input_file_ref idref="fl-2c"/>
      </object_component>
      <object_component id="oc-23a">
         <name>.text</name>
         <load_address>0x102c2</load_address>
         <run_address>0x102c2</run_address>
         <size>0x2</size>
         <input_file_ref idref="fl-30"/>
      </object_component>
      <object_component id="oc-23c">
         <name>.text</name>
         <load_address>0x102c4</load_address>
         <run_address>0x102c4</run_address>
         <size>0x1</size>
         <input_file_ref idref="fl-2f"/>
      </object_component>
      <object_component id="oc-10c">
         <name>.cinit</name>
         <load_address>0x50</load_address>
         <run_address>0x50</run_address>
         <size>0x1b1</size>
         <input_file_ref idref="fl-1c"/>
      </object_component>
      <object_component id="oc-4e">
         <name>.cinit</name>
         <load_address>0x201</load_address>
         <run_address>0x201</run_address>
         <size>0xc8</size>
         <input_file_ref idref="fl-4"/>
      </object_component>
      <object_component id="oc-c4">
         <name>.cinit</name>
         <load_address>0x2c9</load_address>
         <run_address>0x2c9</run_address>
         <size>0x3a</size>
         <input_file_ref idref="fl-10"/>
      </object_component>
      <object_component id="oc-115">
         <name>.cinit</name>
         <load_address>0x303</load_address>
         <run_address>0x303</run_address>
         <size>0x1c</size>
         <input_file_ref idref="fl-1d"/>
      </object_component>
      <object_component id="oc-136">
         <name>.cinit</name>
         <load_address>0x31f</load_address>
         <run_address>0x31f</run_address>
         <size>0x11</size>
         <input_file_ref idref="fl-22"/>
      </object_component>
      <object_component id="oc-17a">
         <name>.cinit</name>
         <load_address>0x330</load_address>
         <run_address>0x330</run_address>
         <size>0xe</size>
         <input_file_ref idref="fl-34"/>
      </object_component>
      <object_component id="oc-cc">
         <name>.cinit</name>
         <load_address>0x33e</load_address>
         <run_address>0x33e</run_address>
         <size>0x5</size>
         <input_file_ref idref="fl-11"/>
      </object_component>
      <object_component id="oc-246">
         <name>.cinit:__lock</name>
         <load_address>0x343</load_address>
         <run_address>0x343</run_address>
         <size>0x5</size>
         <input_file_ref idref="fl-35"/>
      </object_component>
      <object_component id="oc-253">
         <name>.cinit:__unlock</name>
         <load_address>0x348</load_address>
         <run_address>0x348</run_address>
         <size>0x5</size>
         <input_file_ref idref="fl-35"/>
      </object_component>
      <object_component id="oc-f9">
         <name>.cinit</name>
         <load_address>0x34d</load_address>
         <run_address>0x34d</run_address>
         <size>0x5</size>
         <input_file_ref idref="fl-19"/>
      </object_component>
      <object_component id="oc-144">
         <name>.cinit</name>
         <load_address>0x352</load_address>
         <run_address>0x352</run_address>
         <size>0x5</size>
         <input_file_ref idref="fl-24"/>
      </object_component>
      <object_component id="oc-1ff">
         <name>.cinit</name>
         <load_address>0x357</load_address>
         <run_address>0x357</run_address>
         <size>0x4</size>
         <input_file_ref idref="fl-4e"/>
      </object_component>
      <object_component id="oc-12e">
         <name>.cinit</name>
         <load_address>0x35b</load_address>
         <run_address>0x35b</run_address>
         <size>0x4</size>
         <input_file_ref idref="fl-21"/>
      </object_component>
      <object_component id="oc-15b">
         <name>.reset</name>
         <load_address>0x3fffc0</load_address>
         <run_address>0x3fffc0</run_address>
         <size>0x2</size>
         <input_file_ref idref="fl-2d"/>
      </object_component>
      <object_component id="oc-15a">
         <name>.stack</name>
         <uninitialized>true</uninitialized>
         <run_address>0x400</run_address>
         <size>0x0</size>
         <input_file_ref idref="fl-2d"/>
      </object_component>
      <object_component id="oc-2ba">
         <name>.stack</name>
         <uninitialized>true</uninitialized>
         <run_address>0x400</run_address>
         <size>0x0</size>
      </object_component>
      <object_component id="oc-4f">
         <name>.ebss</name>
         <uninitialized>true</uninitialized>
         <run_address>0xaf00</run_address>
         <size>0x60</size>
         <input_file_ref idref="fl-4"/>
      </object_component>
      <object_component id="oc-64">
         <name>.ebss</name>
         <uninitialized>true</uninitialized>
         <run_address>0xaa5a</run_address>
         <size>0x18</size>
         <input_file_ref idref="fl-8"/>
      </object_component>
      <object_component id="oc-c5">
         <name>.ebss</name>
         <uninitialized>true</uninitialized>
         <run_address>0xaf80</run_address>
         <size>0x34</size>
         <input_file_ref idref="fl-10"/>
      </object_component>
      <object_component id="oc-cd">
         <name>.ebss</name>
         <uninitialized>true</uninitialized>
         <run_address>0xaa7e</run_address>
         <size>0x2</size>
         <input_file_ref idref="fl-11"/>
      </object_component>
      <object_component id="oc-d9">
         <name>.ebss</name>
         <uninitialized>true</uninitialized>
         <run_address>0xae18</run_address>
         <size>0x2</size>
         <input_file_ref idref="fl-13"/>
      </object_component>
      <object_component id="oc-fa">
         <name>.ebss</name>
         <uninitialized>true</uninitialized>
         <run_address>0xae1e</run_address>
         <size>0x2</size>
         <input_file_ref idref="fl-19"/>
      </object_component>
      <object_component id="oc-10d">
         <name>.ebss</name>
         <uninitialized>true</uninitialized>
         <run_address>0xaa80</run_address>
         <size>0x392</size>
         <input_file_ref idref="fl-1c"/>
      </object_component>
      <object_component id="oc-116">
         <name>.ebss</name>
         <uninitialized>true</uninitialized>
         <run_address>0xae40</run_address>
         <size>0xa4</size>
         <input_file_ref idref="fl-1d"/>
      </object_component>
      <object_component id="oc-128">
         <name>.ebss</name>
         <uninitialized>true</uninitialized>
         <run_address>0xaa78</run_address>
         <size>0x6</size>
         <input_file_ref idref="fl-20"/>
      </object_component>
      <object_component id="oc-12f">
         <name>.ebss</name>
         <uninitialized>true</uninitialized>
         <run_address>0xae23</run_address>
         <size>0x1</size>
         <input_file_ref idref="fl-21"/>
      </object_component>
      <object_component id="oc-137">
         <name>.ebss</name>
         <uninitialized>true</uninitialized>
         <run_address>0xae12</run_address>
         <size>0x6</size>
         <input_file_ref idref="fl-22"/>
      </object_component>
      <object_component id="oc-145">
         <name>.ebss</name>
         <uninitialized>true</uninitialized>
         <run_address>0xae20</run_address>
         <size>0x2</size>
         <input_file_ref idref="fl-24"/>
      </object_component>
      <object_component id="oc-17b">
         <name>.ebss</name>
         <uninitialized>true</uninitialized>
         <run_address>0xaa72</run_address>
         <size>0x6</size>
         <input_file_ref idref="fl-34"/>
      </object_component>
      <object_component id="oc-258">
         <name>.ebss:__unlock</name>
         <uninitialized>true</uninitialized>
         <run_address>0xae1c</run_address>
         <size>0x2</size>
         <input_file_ref idref="fl-35"/>
      </object_component>
      <object_component id="oc-245">
         <name>.ebss:__lock</name>
         <uninitialized>true</uninitialized>
         <run_address>0xae1a</run_address>
         <size>0x2</size>
         <input_file_ref idref="fl-35"/>
      </object_component>
      <object_component id="oc-200">
         <name>.ebss</name>
         <uninitialized>true</uninitialized>
         <run_address>0xae22</run_address>
         <size>0x1</size>
         <input_file_ref idref="fl-4e"/>
      </object_component>
      <object_component id="oc-eb">
         <name>.econst:.string</name>
         <load_address>0xa000</load_address>
         <run_address>0xa000</run_address>
         <size>0x579</size>
         <input_file_ref idref="fl-16"/>
      </object_component>
      <object_component id="oc-f1">
         <name>.econst:.string</name>
         <load_address>0xa57a</load_address>
         <run_address>0xa57a</run_address>
         <size>0x102</size>
         <input_file_ref idref="fl-17"/>
      </object_component>
      <object_component id="oc-263">
         <name>.econst:.string:__ctypes_</name>
         <load_address>0xa67c</load_address>
         <run_address>0xa67c</run_address>
         <size>0x101</size>
         <input_file_ref idref="fl-4a"/>
      </object_component>
      <object_component id="oc-fb">
         <name>.econst:.string</name>
         <load_address>0xa77e</load_address>
         <run_address>0xa77e</run_address>
         <size>0xbc</size>
         <input_file_ref idref="fl-19"/>
      </object_component>
      <object_component id="oc-138">
         <name>.econst:.string</name>
         <load_address>0xa83a</load_address>
         <run_address>0xa83a</run_address>
         <size>0x83</size>
         <input_file_ref idref="fl-22"/>
      </object_component>
      <object_component id="oc-146">
         <name>.econst:.string</name>
         <load_address>0xa8be</load_address>
         <run_address>0xa8be</run_address>
         <size>0x41</size>
         <input_file_ref idref="fl-24"/>
      </object_component>
      <object_component id="oc-10f">
         <name>.econst:.string</name>
         <load_address>0xa900</load_address>
         <run_address>0xa900</run_address>
         <size>0x32</size>
         <input_file_ref idref="fl-1c"/>
      </object_component>
      <object_component id="oc-df">
         <name>.econst:.string</name>
         <load_address>0xa932</load_address>
         <run_address>0xa932</run_address>
         <size>0x2f</size>
         <input_file_ref idref="fl-14"/>
      </object_component>
      <object_component id="oc-118">
         <name>.econst:.string</name>
         <load_address>0xa962</load_address>
         <run_address>0xa962</run_address>
         <size>0x2a</size>
         <input_file_ref idref="fl-1d"/>
      </object_component>
      <object_component id="oc-c6">
         <name>.econst:.string</name>
         <load_address>0xa98c</load_address>
         <run_address>0xa98c</run_address>
         <size>0x26</size>
         <input_file_ref idref="fl-10"/>
      </object_component>
      <object_component id="oc-19b">
         <name>.econst:.string</name>
         <load_address>0xa9b2</load_address>
         <run_address>0xa9b2</run_address>
         <size>0x26</size>
         <input_file_ref idref="fl-3a"/>
      </object_component>
      <object_component id="oc-19a">
         <name>.econst</name>
         <load_address>0xa9d8</load_address>
         <run_address>0xa9d8</run_address>
         <size>0x1c</size>
         <input_file_ref idref="fl-3a"/>
      </object_component>
      <object_component id="oc-1f4">
         <name>.econst</name>
         <load_address>0xa9f4</load_address>
         <run_address>0xa9f4</run_address>
         <size>0x1c</size>
         <input_file_ref idref="fl-4c"/>
      </object_component>
      <object_component id="oc-264">
         <name>.econst:_digits</name>
         <load_address>0xaa10</load_address>
         <run_address>0xaa10</run_address>
         <size>0x14</size>
         <input_file_ref idref="fl-58"/>
      </object_component>
      <object_component id="oc-101">
         <name>.econst:.string</name>
         <load_address>0xaa24</load_address>
         <run_address>0xaa24</run_address>
         <size>0x10</size>
         <input_file_ref idref="fl-1a"/>
      </object_component>
      <object_component id="oc-ce">
         <name>.econst:.string</name>
         <load_address>0xaa34</load_address>
         <run_address>0xaa34</run_address>
         <size>0xf</size>
         <input_file_ref idref="fl-11"/>
      </object_component>
      <object_component id="oc-265">
         <name>.econst:_powerof10</name>
         <load_address>0xaa44</load_address>
         <run_address>0xaa44</run_address>
         <size>0xc</size>
         <input_file_ref idref="fl-58"/>
      </object_component>
      <object_component id="oc-1ee">
         <name>.econst</name>
         <load_address>0xaa50</load_address>
         <run_address>0xaa50</run_address>
         <size>0x8</size>
         <input_file_ref idref="fl-4b"/>
      </object_component>
      <object_component id="oc-186">
         <name>.econst</name>
         <load_address>0xaa58</load_address>
         <run_address>0xaa58</run_address>
         <size>0x2</size>
         <input_file_ref idref="fl-36"/>
      </object_component>
      <object_component id="oc-178">
         <name>FPUmathTables</name>
         <load_address>0x3fd860</load_address>
         <run_address>0x3fd860</run_address>
         <size>0x6a0</size>
         <input_file_ref idref="fl-33"/>
      </object_component>
      <object_component id="oc-ab">
         <name>PieVectTableFile</name>
         <uninitialized>true</uninitialized>
         <run_address>0xd00</run_address>
         <size>0x100</size>
         <input_file_ref idref="fl-b"/>
      </object_component>
      <object_component id="oc-76">
         <name>EmuKeyVar</name>
         <uninitialized>true</uninitialized>
         <run_address>0xd00</run_address>
         <size>0x1</size>
         <input_file_ref idref="fl-b"/>
      </object_component>
      <object_component id="oc-77">
         <name>EmuBModeVar</name>
         <uninitialized>true</uninitialized>
         <run_address>0xd01</run_address>
         <size>0x1</size>
         <input_file_ref idref="fl-b"/>
      </object_component>
      <object_component id="oc-78">
         <name>FlashCallbackVar</name>
         <uninitialized>true</uninitialized>
         <run_address>0xd02</run_address>
         <size>0x2</size>
         <input_file_ref idref="fl-b"/>
      </object_component>
      <object_component id="oc-79">
         <name>FlashScalingVar</name>
         <uninitialized>true</uninitialized>
         <run_address>0xd04</run_address>
         <size>0x2</size>
         <input_file_ref idref="fl-b"/>
      </object_component>
      <object_component id="oc-7b">
         <name>DevEmuRegsFile</name>
         <uninitialized>true</uninitialized>
         <run_address>0x880</run_address>
         <size>0x4</size>
         <input_file_ref idref="fl-b"/>
      </object_component>
      <object_component id="oc-7a">
         <name>SysPwrCtrlRegsFile</name>
         <uninitialized>true</uninitialized>
         <run_address>0x985</run_address>
         <size>0x3</size>
         <input_file_ref idref="fl-b"/>
      </object_component>
      <object_component id="oc-7c">
         <name>FlashRegsFile</name>
         <uninitialized>true</uninitialized>
         <run_address>0xa80</run_address>
         <size>0x8</size>
         <input_file_ref idref="fl-b"/>
      </object_component>
      <object_component id="oc-86">
         <name>CsmRegsFile</name>
         <uninitialized>true</uninitialized>
         <run_address>0xae0</run_address>
         <size>0x10</size>
         <input_file_ref idref="fl-b"/>
      </object_component>
      <object_component id="oc-83">
         <name>AdcResultFile</name>
         <uninitialized>true</uninitialized>
         <run_address>0xb00</run_address>
         <size>0x10</size>
         <input_file_ref idref="fl-b"/>
      </object_component>
      <object_component id="oc-7d">
         <name>CpuTimer0RegsFile</name>
         <uninitialized>true</uninitialized>
         <run_address>0xc00</run_address>
         <size>0x8</size>
         <input_file_ref idref="fl-b"/>
      </object_component>
      <object_component id="oc-80">
         <name>CpuTimer1RegsFile</name>
         <uninitialized>true</uninitialized>
         <run_address>0xc08</run_address>
         <size>0x8</size>
         <input_file_ref idref="fl-b"/>
      </object_component>
      <object_component id="oc-7e">
         <name>CpuTimer2RegsFile</name>
         <uninitialized>true</uninitialized>
         <run_address>0xc10</run_address>
         <size>0x8</size>
         <input_file_ref idref="fl-b"/>
      </object_component>
      <object_component id="oc-8c">
         <name>PieCtrlRegsFile</name>
         <uninitialized>true</uninitialized>
         <run_address>0xce0</run_address>
         <size>0x1a</size>
         <input_file_ref idref="fl-b"/>
      </object_component>
      <object_component id="oc-a1">
         <name>Cla1RegsFile</name>
         <uninitialized>true</uninitialized>
         <run_address>0x1400</run_address>
         <size>0x40</size>
         <input_file_ref idref="fl-b"/>
      </object_component>
      <object_component id="oc-aa">
         <name>DmaRegsFile</name>
         <uninitialized>true</uninitialized>
         <run_address>0x1000</run_address>
         <size>0xe0</size>
         <input_file_ref idref="fl-b"/>
      </object_component>
      <object_component id="oc-9b">
         <name>ECanaRegsFile</name>
         <uninitialized>true</uninitialized>
         <run_address>0x6000</run_address>
         <size>0x34</size>
         <input_file_ref idref="fl-b"/>
      </object_component>
      <object_component id="oc-9f">
         <name>ECanaLAMRegsFile</name>
         <uninitialized>true</uninitialized>
         <run_address>0x6040</run_address>
         <size>0x40</size>
         <input_file_ref idref="fl-b"/>
      </object_component>
      <object_component id="oc-ac">
         <name>ECanaMboxesFile</name>
         <uninitialized>true</uninitialized>
         <run_address>0x6100</run_address>
         <size>0x100</size>
         <input_file_ref idref="fl-b"/>
      </object_component>
      <object_component id="oc-a0">
         <name>ECanaMOTSRegsFile</name>
         <uninitialized>true</uninitialized>
         <run_address>0x6080</run_address>
         <size>0x40</size>
         <input_file_ref idref="fl-b"/>
      </object_component>
      <object_component id="oc-9c">
         <name>ECanaMOTORegsFile</name>
         <uninitialized>true</uninitialized>
         <run_address>0x60c0</run_address>
         <size>0x40</size>
         <input_file_ref idref="fl-b"/>
      </object_component>
      <object_component id="oc-94">
         <name>ECap1RegsFile</name>
         <uninitialized>true</uninitialized>
         <run_address>0x6a00</run_address>
         <size>0x20</size>
         <input_file_ref idref="fl-b"/>
      </object_component>
      <object_component id="oc-93">
         <name>ECap2RegsFile</name>
         <uninitialized>true</uninitialized>
         <run_address>0x6a20</run_address>
         <size>0x20</size>
         <input_file_ref idref="fl-b"/>
      </object_component>
      <object_component id="oc-95">
         <name>ECap3RegsFile</name>
         <uninitialized>true</uninitialized>
         <run_address>0x6a40</run_address>
         <size>0x20</size>
         <input_file_ref idref="fl-b"/>
      </object_component>
      <object_component id="oc-98">
         <name>EQep1RegsFile</name>
         <uninitialized>true</uninitialized>
         <run_address>0x6b00</run_address>
         <size>0x22</size>
         <input_file_ref idref="fl-b"/>
      </object_component>
      <object_component id="oc-96">
         <name>EQep2RegsFile</name>
         <uninitialized>true</uninitialized>
         <run_address>0x6b40</run_address>
         <size>0x22</size>
         <input_file_ref idref="fl-b"/>
      </object_component>
      <object_component id="oc-a4">
         <name>GpioCtrlRegsFile</name>
         <uninitialized>true</uninitialized>
         <run_address>0x6f80</run_address>
         <size>0x40</size>
         <input_file_ref idref="fl-b"/>
      </object_component>
      <object_component id="oc-8e">
         <name>GpioDataRegsFile</name>
         <uninitialized>true</uninitialized>
         <run_address>0x6fc0</run_address>
         <size>0x20</size>
         <input_file_ref idref="fl-b"/>
      </object_component>
      <object_component id="oc-8d">
         <name>GpioIntRegsFile</name>
         <uninitialized>true</uninitialized>
         <run_address>0x6fe0</run_address>
         <size>0x20</size>
         <input_file_ref idref="fl-b"/>
      </object_component>
      <object_component id="oc-91">
         <name>HRCap1RegsFile</name>
         <uninitialized>true</uninitialized>
         <run_address>0x6ac0</run_address>
         <size>0x20</size>
         <input_file_ref idref="fl-b"/>
      </object_component>
      <object_component id="oc-92">
         <name>HRCap2RegsFile</name>
         <uninitialized>true</uninitialized>
         <run_address>0x6ae0</run_address>
         <size>0x20</size>
         <input_file_ref idref="fl-b"/>
      </object_component>
      <object_component id="oc-8f">
         <name>HRCap3RegsFile</name>
         <uninitialized>true</uninitialized>
         <run_address>0x6c80</run_address>
         <size>0x20</size>
         <input_file_ref idref="fl-b"/>
      </object_component>
      <object_component id="oc-90">
         <name>HRCap4RegsFile</name>
         <uninitialized>true</uninitialized>
         <run_address>0x6ca0</run_address>
         <size>0x20</size>
         <input_file_ref idref="fl-b"/>
      </object_component>
      <object_component id="oc-9a">
         <name>SysCtrlRegsFile</name>
         <uninitialized>true</uninitialized>
         <run_address>0x7010</run_address>
         <size>0x30</size>
         <input_file_ref idref="fl-b"/>
      </object_component>
      <object_component id="oc-82">
         <name>SpiaRegsFile</name>
         <uninitialized>true</uninitialized>
         <run_address>0x7040</run_address>
         <size>0x10</size>
         <input_file_ref idref="fl-b"/>
      </object_component>
      <object_component id="oc-87">
         <name>SpibRegsFile</name>
         <uninitialized>true</uninitialized>
         <run_address>0x7740</run_address>
         <size>0x10</size>
         <input_file_ref idref="fl-b"/>
      </object_component>
      <object_component id="oc-84">
         <name>SciaRegsFile</name>
         <uninitialized>true</uninitialized>
         <run_address>0x7050</run_address>
         <size>0x10</size>
         <input_file_ref idref="fl-b"/>
      </object_component>
      <object_component id="oc-81">
         <name>ScibRegsFile</name>
         <uninitialized>true</uninitialized>
         <run_address>0x7750</run_address>
         <size>0x10</size>
         <input_file_ref idref="fl-b"/>
      </object_component>
      <object_component id="oc-85">
         <name>NmiIntruptRegsFile</name>
         <uninitialized>true</uninitialized>
         <run_address>0x7060</run_address>
         <size>0x10</size>
         <input_file_ref idref="fl-b"/>
      </object_component>
      <object_component id="oc-88">
         <name>XIntruptRegsFile</name>
         <uninitialized>true</uninitialized>
         <run_address>0x7070</run_address>
         <size>0x10</size>
         <input_file_ref idref="fl-b"/>
      </object_component>
      <object_component id="oc-a9">
         <name>AdcRegsFile</name>
         <uninitialized>true</uninitialized>
         <run_address>0x7100</run_address>
         <size>0x50</size>
         <input_file_ref idref="fl-b"/>
      </object_component>
      <object_component id="oc-97">
         <name>I2caRegsFile</name>
         <uninitialized>true</uninitialized>
         <run_address>0x7900</run_address>
         <size>0x22</size>
         <input_file_ref idref="fl-b"/>
      </object_component>
      <object_component id="oc-8a">
         <name>Comp1RegsFile</name>
         <uninitialized>true</uninitialized>
         <run_address>0x6400</run_address>
         <size>0x14</size>
         <input_file_ref idref="fl-b"/>
      </object_component>
      <object_component id="oc-89">
         <name>Comp2RegsFile</name>
         <uninitialized>true</uninitialized>
         <run_address>0x6420</run_address>
         <size>0x14</size>
         <input_file_ref idref="fl-b"/>
      </object_component>
      <object_component id="oc-8b">
         <name>Comp3RegsFile</name>
         <uninitialized>true</uninitialized>
         <run_address>0x6440</run_address>
         <size>0x14</size>
         <input_file_ref idref="fl-b"/>
      </object_component>
      <object_component id="oc-9e">
         <name>EPwm1RegsFile</name>
         <uninitialized>true</uninitialized>
         <run_address>0x6800</run_address>
         <size>0x40</size>
         <input_file_ref idref="fl-b"/>
      </object_component>
      <object_component id="oc-9d">
         <name>EPwm2RegsFile</name>
         <uninitialized>true</uninitialized>
         <run_address>0x6840</run_address>
         <size>0x40</size>
         <input_file_ref idref="fl-b"/>
      </object_component>
      <object_component id="oc-a8">
         <name>EPwm3RegsFile</name>
         <uninitialized>true</uninitialized>
         <run_address>0x6880</run_address>
         <size>0x40</size>
         <input_file_ref idref="fl-b"/>
      </object_component>
      <object_component id="oc-a6">
         <name>EPwm4RegsFile</name>
         <uninitialized>true</uninitialized>
         <run_address>0x68c0</run_address>
         <size>0x40</size>
         <input_file_ref idref="fl-b"/>
      </object_component>
      <object_component id="oc-a7">
         <name>EPwm5RegsFile</name>
         <uninitialized>true</uninitialized>
         <run_address>0x6900</run_address>
         <size>0x40</size>
         <input_file_ref idref="fl-b"/>
      </object_component>
      <object_component id="oc-a3">
         <name>EPwm6RegsFile</name>
         <uninitialized>true</uninitialized>
         <run_address>0x6940</run_address>
         <size>0x40</size>
         <input_file_ref idref="fl-b"/>
      </object_component>
      <object_component id="oc-a2">
         <name>EPwm7RegsFile</name>
         <uninitialized>true</uninitialized>
         <run_address>0x6980</run_address>
         <size>0x40</size>
         <input_file_ref idref="fl-b"/>
      </object_component>
      <object_component id="oc-a5">
         <name>EPwm8RegsFile</name>
         <uninitialized>true</uninitialized>
         <run_address>0x69c0</run_address>
         <size>0x40</size>
         <input_file_ref idref="fl-b"/>
      </object_component>
      <object_component id="oc-99">
         <name>McbspaRegsFile</name>
         <uninitialized>true</uninitialized>
         <run_address>0x5000</run_address>
         <size>0x24</size>
         <input_file_ref idref="fl-b"/>
      </object_component>
      <object_component id="oc-ad">
         <name>Usb0RegsFile</name>
         <uninitialized>true</uninitialized>
         <run_address>0x4000</run_address>
         <size>0x454</size>
         <input_file_ref idref="fl-b"/>
      </object_component>
      <object_component id="oc-7f">
         <name>CsmPwlFile</name>
         <uninitialized>true</uninitialized>
         <run_address>0x3f7ff8</run_address>
         <size>0x8</size>
         <input_file_ref idref="fl-b"/>
      </object_component>
      <object_component id="oc-75">
         <name>PartIdRegsFile</name>
         <uninitialized>true</uninitialized>
         <run_address>0x3d7e80</run_address>
         <size>0x1</size>
         <input_file_ref idref="fl-b"/>
      </object_component>
      <object_component id="oc-4d">
         <name>.debug_info</name>
         <load_address>0x0</load_address>
         <run_address>0x0</run_address>
         <size>0x1613</size>
         <input_file_ref idref="fl-4"/>
      </object_component>
      <object_component id="oc-54">
         <name>.debug_info</name>
         <load_address>0x1613</load_address>
         <run_address>0x1613</run_address>
         <size>0x11a9</size>
         <input_file_ref idref="fl-5"/>
      </object_component>
      <object_component id="oc-59">
         <name>.debug_info</name>
         <load_address>0x27bc</load_address>
         <run_address>0x27bc</run_address>
         <size>0x4f85</size>
         <input_file_ref idref="fl-6"/>
      </object_component>
      <object_component id="oc-5f">
         <name>.debug_info</name>
         <load_address>0x7741</load_address>
         <run_address>0x7741</run_address>
         <size>0x1fb</size>
         <input_file_ref idref="fl-7"/>
      </object_component>
      <object_component id="oc-63">
         <name>.debug_info</name>
         <load_address>0x793c</load_address>
         <run_address>0x793c</run_address>
         <size>0xb20</size>
         <input_file_ref idref="fl-8"/>
      </object_component>
      <object_component id="oc-69">
         <name>.debug_info</name>
         <load_address>0x845c</load_address>
         <run_address>0x845c</run_address>
         <size>0x5aa7</size>
         <input_file_ref idref="fl-9"/>
      </object_component>
      <object_component id="oc-6f">
         <name>.debug_info</name>
         <load_address>0xdf03</load_address>
         <run_address>0xdf03</run_address>
         <size>0x18e2</size>
         <input_file_ref idref="fl-a"/>
      </object_component>
      <object_component id="oc-74">
         <name>.debug_info</name>
         <load_address>0xf7e5</load_address>
         <run_address>0xf7e5</run_address>
         <size>0x1b070</size>
         <input_file_ref idref="fl-b"/>
      </object_component>
      <object_component id="oc-af">
         <name>.debug_info</name>
         <load_address>0x2a855</load_address>
         <run_address>0x2a855</run_address>
         <size>0xcba</size>
         <input_file_ref idref="fl-c"/>
      </object_component>
      <object_component id="oc-b4">
         <name>.debug_info</name>
         <load_address>0x2b50f</load_address>
         <run_address>0x2b50f</run_address>
         <size>0x23ff</size>
         <input_file_ref idref="fl-d"/>
      </object_component>
      <object_component id="oc-b9">
         <name>.debug_info</name>
         <load_address>0x2d90e</load_address>
         <run_address>0x2d90e</run_address>
         <size>0x2f8b</size>
         <input_file_ref idref="fl-e"/>
      </object_component>
      <object_component id="oc-bf">
         <name>.debug_info</name>
         <load_address>0x30899</load_address>
         <run_address>0x30899</run_address>
         <size>0x17a</size>
         <input_file_ref idref="fl-f"/>
      </object_component>
      <object_component id="oc-c3">
         <name>.debug_info</name>
         <load_address>0x30a13</load_address>
         <run_address>0x30a13</run_address>
         <size>0x2957</size>
         <input_file_ref idref="fl-10"/>
      </object_component>
      <object_component id="oc-cb">
         <name>.debug_info</name>
         <load_address>0x3336a</load_address>
         <run_address>0x3336a</run_address>
         <size>0x6b5</size>
         <input_file_ref idref="fl-11"/>
      </object_component>
      <object_component id="oc-d3">
         <name>.debug_info</name>
         <load_address>0x33a1f</load_address>
         <run_address>0x33a1f</run_address>
         <size>0x8f9</size>
         <input_file_ref idref="fl-12"/>
      </object_component>
      <object_component id="oc-d8">
         <name>.debug_info</name>
         <load_address>0x34318</load_address>
         <run_address>0x34318</run_address>
         <size>0x69c</size>
         <input_file_ref idref="fl-13"/>
      </object_component>
      <object_component id="oc-de">
         <name>.debug_info</name>
         <load_address>0x349b4</load_address>
         <run_address>0x349b4</run_address>
         <size>0x92a</size>
         <input_file_ref idref="fl-14"/>
      </object_component>
      <object_component id="oc-e4">
         <name>.debug_info</name>
         <load_address>0x352de</load_address>
         <run_address>0x352de</run_address>
         <size>0x3246</size>
         <input_file_ref idref="fl-15"/>
      </object_component>
      <object_component id="oc-ea">
         <name>.debug_info</name>
         <load_address>0x38524</load_address>
         <run_address>0x38524</run_address>
         <size>0x10e5</size>
         <input_file_ref idref="fl-16"/>
      </object_component>
      <object_component id="oc-f0">
         <name>.debug_info</name>
         <load_address>0x39609</load_address>
         <run_address>0x39609</run_address>
         <size>0x19a8</size>
         <input_file_ref idref="fl-17"/>
      </object_component>
      <object_component id="oc-f6">
         <name>.debug_info</name>
         <load_address>0x3afb1</load_address>
         <run_address>0x3afb1</run_address>
         <size>0x179</size>
         <input_file_ref idref="fl-18"/>
      </object_component>
      <object_component id="oc-f8">
         <name>.debug_info</name>
         <load_address>0x3b12a</load_address>
         <run_address>0x3b12a</run_address>
         <size>0x1c0b</size>
         <input_file_ref idref="fl-19"/>
      </object_component>
      <object_component id="oc-100">
         <name>.debug_info</name>
         <load_address>0x3cd35</load_address>
         <run_address>0x3cd35</run_address>
         <size>0x1736</size>
         <input_file_ref idref="fl-1a"/>
      </object_component>
      <object_component id="oc-106">
         <name>.debug_info</name>
         <load_address>0x3e46b</load_address>
         <run_address>0x3e46b</run_address>
         <size>0x1b4e</size>
         <input_file_ref idref="fl-1b"/>
      </object_component>
      <object_component id="oc-10b">
         <name>.debug_info</name>
         <load_address>0x3ffb9</load_address>
         <run_address>0x3ffb9</run_address>
         <size>0x9339</size>
         <input_file_ref idref="fl-1c"/>
      </object_component>
      <object_component id="oc-114">
         <name>.debug_info</name>
         <load_address>0x492f2</load_address>
         <run_address>0x492f2</run_address>
         <size>0x1d58</size>
         <input_file_ref idref="fl-1d"/>
      </object_component>
      <object_component id="oc-11d">
         <name>.debug_info</name>
         <load_address>0x4b04a</load_address>
         <run_address>0x4b04a</run_address>
         <size>0x56a</size>
         <input_file_ref idref="fl-1e"/>
      </object_component>
      <object_component id="oc-122">
         <name>.debug_info</name>
         <load_address>0x4b5b4</load_address>
         <run_address>0x4b5b4</run_address>
         <size>0x353</size>
         <input_file_ref idref="fl-1f"/>
      </object_component>
      <object_component id="oc-127">
         <name>.debug_info</name>
         <load_address>0x4b907</load_address>
         <run_address>0x4b907</run_address>
         <size>0x72d</size>
         <input_file_ref idref="fl-20"/>
      </object_component>
      <object_component id="oc-12d">
         <name>.debug_info</name>
         <load_address>0x4c034</load_address>
         <run_address>0x4c034</run_address>
         <size>0x38a4</size>
         <input_file_ref idref="fl-21"/>
      </object_component>
      <object_component id="oc-135">
         <name>.debug_info</name>
         <load_address>0x4f8d8</load_address>
         <run_address>0x4f8d8</run_address>
         <size>0x21cc</size>
         <input_file_ref idref="fl-22"/>
      </object_component>
      <object_component id="oc-13d">
         <name>.debug_info</name>
         <load_address>0x51aa4</load_address>
         <run_address>0x51aa4</run_address>
         <size>0xff8</size>
         <input_file_ref idref="fl-23"/>
      </object_component>
      <object_component id="oc-143">
         <name>.debug_info</name>
         <load_address>0x52a9c</load_address>
         <run_address>0x52a9c</run_address>
         <size>0x2ae8</size>
         <input_file_ref idref="fl-24"/>
      </object_component>
      <object_component id="oc-14c">
         <name>.debug_info</name>
         <load_address>0x55584</load_address>
         <run_address>0x55584</run_address>
         <size>0x142</size>
         <input_file_ref idref="fl-2a"/>
      </object_component>
      <object_component id="oc-150">
         <name>.debug_info</name>
         <load_address>0x556c6</load_address>
         <run_address>0x556c6</run_address>
         <size>0x139</size>
         <input_file_ref idref="fl-2b"/>
      </object_component>
      <object_component id="oc-154">
         <name>.debug_info</name>
         <load_address>0x557ff</load_address>
         <run_address>0x557ff</run_address>
         <size>0x41b</size>
         <input_file_ref idref="fl-2c"/>
      </object_component>
      <object_component id="oc-15c">
         <name>.debug_info</name>
         <load_address>0x55c1a</load_address>
         <run_address>0x55c1a</run_address>
         <size>0x16b</size>
         <input_file_ref idref="fl-2d"/>
      </object_component>
      <object_component id="oc-160">
         <name>.debug_info</name>
         <load_address>0x55d85</load_address>
         <run_address>0x55d85</run_address>
         <size>0x4ce</size>
         <input_file_ref idref="fl-2e"/>
      </object_component>
      <object_component id="oc-165">
         <name>.debug_info</name>
         <load_address>0x56253</load_address>
         <run_address>0x56253</run_address>
         <size>0x3df</size>
         <input_file_ref idref="fl-2f"/>
      </object_component>
      <object_component id="oc-16a">
         <name>.debug_info</name>
         <load_address>0x56632</load_address>
         <run_address>0x56632</run_address>
         <size>0x3e2</size>
         <input_file_ref idref="fl-30"/>
      </object_component>
      <object_component id="oc-16f">
         <name>.debug_info</name>
         <load_address>0x56a14</load_address>
         <run_address>0x56a14</run_address>
         <size>0x5c1</size>
         <input_file_ref idref="fl-31"/>
      </object_component>
      <object_component id="oc-175">
         <name>.debug_info</name>
         <load_address>0x56fd5</load_address>
         <run_address>0x56fd5</run_address>
         <size>0x142</size>
         <input_file_ref idref="fl-32"/>
      </object_component>
      <object_component id="oc-179">
         <name>.debug_info</name>
         <load_address>0x57117</load_address>
         <run_address>0x57117</run_address>
         <size>0x5ab</size>
         <input_file_ref idref="fl-34"/>
      </object_component>
      <object_component id="oc-180">
         <name>.debug_info</name>
         <load_address>0x576c2</load_address>
         <run_address>0x576c2</run_address>
         <size>0x501</size>
         <input_file_ref idref="fl-35"/>
      </object_component>
      <object_component id="oc-185">
         <name>.debug_info</name>
         <load_address>0x57bc3</load_address>
         <run_address>0x57bc3</run_address>
         <size>0x4b9</size>
         <input_file_ref idref="fl-36"/>
      </object_component>
      <object_component id="oc-18b">
         <name>.debug_info</name>
         <load_address>0x5807c</load_address>
         <run_address>0x5807c</run_address>
         <size>0x46f</size>
         <input_file_ref idref="fl-37"/>
      </object_component>
      <object_component id="oc-191">
         <name>.debug_info</name>
         <load_address>0x584eb</load_address>
         <run_address>0x584eb</run_address>
         <size>0x142</size>
         <input_file_ref idref="fl-38"/>
      </object_component>
      <object_component id="oc-194">
         <name>.debug_info</name>
         <load_address>0x5862d</load_address>
         <run_address>0x5862d</run_address>
         <size>0x760</size>
         <input_file_ref idref="fl-39"/>
      </object_component>
      <object_component id="oc-199">
         <name>.debug_info</name>
         <load_address>0x58d8d</load_address>
         <run_address>0x58d8d</run_address>
         <size>0x2575</size>
         <input_file_ref idref="fl-3a"/>
      </object_component>
      <object_component id="oc-1a1">
         <name>.debug_info</name>
         <load_address>0x5b302</load_address>
         <run_address>0x5b302</run_address>
         <size>0x118</size>
         <input_file_ref idref="fl-3b"/>
      </object_component>
      <object_component id="oc-1a6">
         <name>.debug_info</name>
         <load_address>0x5b41a</load_address>
         <run_address>0x5b41a</run_address>
         <size>0x10c</size>
         <input_file_ref idref="fl-3c"/>
      </object_component>
      <object_component id="oc-1ab">
         <name>.debug_info</name>
         <load_address>0x5b526</load_address>
         <run_address>0x5b526</run_address>
         <size>0x10c</size>
         <input_file_ref idref="fl-3d"/>
      </object_component>
      <object_component id="oc-1b0">
         <name>.debug_info</name>
         <load_address>0x5b632</load_address>
         <run_address>0x5b632</run_address>
         <size>0x10c</size>
         <input_file_ref idref="fl-3e"/>
      </object_component>
      <object_component id="oc-1b5">
         <name>.debug_info</name>
         <load_address>0x5b73e</load_address>
         <run_address>0x5b73e</run_address>
         <size>0x11a</size>
         <input_file_ref idref="fl-3f"/>
      </object_component>
      <object_component id="oc-1ba">
         <name>.debug_info</name>
         <load_address>0x5b858</load_address>
         <run_address>0x5b858</run_address>
         <size>0x10c</size>
         <input_file_ref idref="fl-40"/>
      </object_component>
      <object_component id="oc-1bf">
         <name>.debug_info</name>
         <load_address>0x5b964</load_address>
         <run_address>0x5b964</run_address>
         <size>0x10c</size>
         <input_file_ref idref="fl-41"/>
      </object_component>
      <object_component id="oc-1c4">
         <name>.debug_info</name>
         <load_address>0x5ba70</load_address>
         <run_address>0x5ba70</run_address>
         <size>0x10c</size>
         <input_file_ref idref="fl-42"/>
      </object_component>
      <object_component id="oc-1c9">
         <name>.debug_info</name>
         <load_address>0x5bb7c</load_address>
         <run_address>0x5bb7c</run_address>
         <size>0x112</size>
         <input_file_ref idref="fl-43"/>
      </object_component>
      <object_component id="oc-1ce">
         <name>.debug_info</name>
         <load_address>0x5bc8e</load_address>
         <run_address>0x5bc8e</run_address>
         <size>0x110</size>
         <input_file_ref idref="fl-44"/>
      </object_component>
      <object_component id="oc-1d3">
         <name>.debug_info</name>
         <load_address>0x5bd9e</load_address>
         <run_address>0x5bd9e</run_address>
         <size>0x110</size>
         <input_file_ref idref="fl-45"/>
      </object_component>
      <object_component id="oc-1d8">
         <name>.debug_info</name>
         <load_address>0x5beae</load_address>
         <run_address>0x5beae</run_address>
         <size>0x16e</size>
         <input_file_ref idref="fl-46"/>
      </object_component>
      <object_component id="oc-1dd">
         <name>.debug_info</name>
         <load_address>0x5c01c</load_address>
         <run_address>0x5c01c</run_address>
         <size>0x146</size>
         <input_file_ref idref="fl-47"/>
      </object_component>
[...]
      </symbol>
      <symbol id="sm-605">
         <name>_gMachineState</name>
         <value>0xaa95</value>
         <object_component_ref idref="oc-10d"/>
      </symbol>
      <symbol id="sm-606">
         <name>_TripInfoNow</name>
         <value>0xadc0</value>
         <object_component_ref idref="oc-10d"/>
      </symbol>
      <symbol id="sm-607">
         <name>_pre_charge_time</name>
         <value>0xaac8</value>
         <object_component_ref idref="oc-10d"/>
      </symbol>
      <symbol id="sm-608">
         <name>_giSciCmdAddr</name>
         <value>0xaa97</value>
         <object_component_ref idref="oc-10d"/>
      </symbol>
      <symbol id="sm-609">
         <name>_code_Vdc_scaler</name>
         <value>0xab2c</value>
         <object_component_ref idref="oc-10d"/>
      </symbol>
      <symbol id="sm-60a">
         <name>_relay_flag</name>
         <value>0xaa8b</value>
         <object_component_ref idref="oc-10d"/>
      </symbol>
      <symbol id="sm-60b">
         <name>_gfRunTime</name>
         <value>0xabd4</value>
         <object_component_ref idref="oc-10d"/>
      </symbol>
      <symbol id="sm-60c">
         <name>_adcIuPhase</name>
         <value>0xaa83</value>
         <object_component_ref idref="oc-10d"/>
      </symbol>
      <symbol id="sm-60d">
         <name>_adcIvPhase</name>
         <value>0xaa84</value>
         <object_component_ref idref="oc-10d"/>
      </symbol>
      <symbol id="sm-63d">
         <name>_load_scia_tx_mail_box</name>
         <value>0xf710</value>
         <object_component_ref idref="oc-24c"/>
      </symbol>
      <symbol id="sm-63e">
         <name>_scia_tx_msg_box</name>
         <value>0xae80</value>
         <object_component_ref idref="oc-116"/>
      </symbol>
      <symbol id="sm-63f">
         <name>_scia_rx_msg_box</name>
         <value>0xae45</value>
         <object_component_ref idref="oc-116"/>
      </symbol>
      <symbol id="sm-640">
         <name>_scia_tx_msg</name>
         <value>0xf6fc</value>
         <object_component_ref idref="oc-24c"/>
      </symbol>
      <symbol id="sm-641">
         <name>_sciaRxFifoIsr</name>
         <value>0xfa2f</value>
         <object_component_ref idref="oc-117"/>
      </symbol>
      <symbol id="sm-642">
         <name>_scia_cmd_proc</name>
         <value>0xf743</value>
         <object_component_ref idref="oc-24c"/>
      </symbol>
      <symbol id="sm-643">
         <name>_scia_tx_end_addr</name>
         <value>0xae43</value>
         <object_component_ref idref="oc-116"/>
      </symbol>
      <symbol id="sm-644">
         <name>_scia_rx_end_addr</name>
         <value>0xae44</value>
         <object_component_ref idref="oc-116"/>
      </symbol>
      <symbol id="sm-645">
         <name>_scia_tx_start_addr</name>
         <value>0xae41</value>
         <object_component_ref idref="oc-116"/>
      </symbol>
      <symbol id="sm-646">
         <name>_sciaTxFifoIsr</name>
         <value>0xf9d5</value>
         <object_component_ref idref="oc-117"/>
      </symbol>
      <symbol id="sm-647">
         <name>_scia_fifo_init</name>
         <value>0xf6c3</value>
         <object_component_ref idref="oc-24c"/>
      </symbol>
      <symbol id="sm-648">
         <name>_scia_rx_msg_flag</name>
         <value>0xae40</value>
         <object_component_ref idref="oc-116"/>
      </symbol>
      <symbol id="sm-649">
         <name>_scia_rx_start_addr</name>
         <value>0xae42</value>
         <object_component_ref idref="oc-116"/>
      </symbol>
      <symbol id="sm-657">
         <name>_serial_com_proc</name>
         <value>0x101e1</value>
         <object_component_ref idref="oc-241"/>
      </symbol>
      <symbol id="sm-658">
         <name>_load_sci_tx_mail_box</name>
         <value>0x101db</value>
         <object_component_ref idref="oc-241"/>
      </symbol>
      <symbol id="sm-69b">
         <name>_VoltageEstimation_bk</name>
         <value>0xce59</value>
         <object_component_ref idref="oc-235"/>
      </symbol>
      <symbol id="sm-69c">
         <name>_VoltageEstimation</name>
         <value>0xd097</value>
         <object_component_ref idref="oc-235"/>
      </symbol>
      <symbol id="sm-69d">
         <name>_SpaceVectorModulation</name>
         <value>0xcc16</value>
         <object_component_ref idref="oc-235"/>
      </symbol>
      <symbol id="sm-69e">
         <name>_Dd</name>
         <value>0xaa78</value>
         <object_component_ref idref="oc-128"/>
      </symbol>
      <symbol id="sm-69f">
         <name>_delta_Tc</name>
         <value>0xaa7a</value>
         <object_component_ref idref="oc-128"/>
      </symbol>
      <symbol id="sm-6a0">
         <name>_T_d</name>
         <value>0xaa7c</value>
         <object_component_ref idref="oc-128"/>
      </symbol>
      <symbol id="sm-6c0">
         <name>_ePwmOff</name>
         <value>0x10254</value>
         <object_component_ref idref="oc-236"/>
      </symbol>
      <symbol id="sm-6c1">
         <name>_MotorControlProc</name>
         <value>0x10255</value>
         <object_component_ref idref="oc-236"/>
      </symbol>
      <symbol id="sm-6c2">
         <name>_MainPWM</name>
         <value>0xf92d</value>
         <object_component_ref idref="oc-130"/>
      </symbol>
      <symbol id="sm-70c">
         <name>_tripProc</name>
         <value>0xdc53</value>
         <object_component_ref idref="oc-240"/>
      </symbol>
      <symbol id="sm-70d">
         <name>_GetTripInfo</name>
         <value>0xda02</value>
         <object_component_ref idref="oc-240"/>
      </symbol>
      <symbol id="sm-70e">
         <name>_CheckUndeVolt</name>
         <value>0xd96c</value>
         <object_component_ref idref="oc-240"/>
      </symbol>
      <symbol id="sm-70f">
         <name>_WriteTripString</name>
         <value>0xdafd</value>
         <object_component_ref idref="oc-240"/>
      </symbol>
      <symbol id="sm-710">
         <name>_CheckOverVolt</name>
         <value>0xd945</value>
         <object_component_ref idref="oc-240"/>
      </symbol>
      <symbol id="sm-711">
         <name>_ClearTripDataToEeprom</name>
         <value>0xdbd6</value>
         <object_component_ref idref="oc-240"/>
      </symbol>
      <symbol id="sm-712">
         <name>_CheckIGBTFault</name>
         <value>0xd98f</value>
         <object_component_ref idref="oc-240"/>
      </symbol>
      <symbol id="sm-713">
         <name>_CheckOverCurrent</name>
         <value>0xd907</value>
         <object_component_ref idref="oc-240"/>
      </symbol>
      <symbol id="sm-714">
         <name>_ReadTripString</name>
         <value>0xdb31</value>
         <object_component_ref idref="oc-240"/>
      </symbol>
      <symbol id="sm-715">
         <name>_SaveTripDataToEeprom</name>
         <value>0xdb57</value>
         <object_component_ref idref="oc-240"/>
      </symbol>
      <symbol id="sm-716">
         <name>_trip_recording</name>
         <value>0xd9d3</value>
         <object_component_ref idref="oc-240"/>
      </symbol>
      <symbol id="sm-717">
         <name>_trip_check</name>
         <value>0xd9b6</value>
         <object_component_ref idref="oc-240"/>
      </symbol>
      <symbol id="sm-718">
         <name>_CheckOverHeat</name>
         <value>0xd998</value>
         <object_component_ref idref="oc-240"/>
      </symbol>
      <symbol id="sm-719">
         <name>_code_over_volt_set</name>
         <value>0xae16</value>
         <object_component_ref idref="oc-137"/>
      </symbol>
      <symbol id="sm-72a">
         <name>_cpu_timer0_isr</name>
         <value>0xfc22</value>
         <object_component_ref idref="oc-13e"/>
      </symbol>
      <symbol id="sm-753">
         <name>_slip_comp_scalar_ctrl</name>
         <value>0xee2e</value>
         <object_component_ref idref="oc-23f"/>
      </symbol>
      <symbol id="sm-754">
         <name>_vf_loop_control</name>
         <value>0xebf8</value>
         <object_component_ref idref="oc-23f"/>
      </symbol>
      <symbol id="sm-755">
         <name>_vf_simple_control</name>
         <value>0xed1c</value>
         <object_component_ref idref="oc-23f"/>
      </symbol>
      <symbol id="sm-75d">
         <name>FS$$DIV</name>
         <value>0x1020f</value>
         <object_component_ref idref="oc-14b"/>
      </symbol>
      <symbol id="sm-76b">
         <name>I$$MOD</name>
         <value>0x100ba</value>
         <object_component_ref idref="oc-14f"/>
      </symbol>
      <symbol id="sm-76c">
         <name>I$$DIV</name>
         <value>0x100a9</value>
         <object_component_ref idref="oc-14f"/>
      </symbol>
      <symbol id="sm-778">
         <name>_atof</name>
         <value>0x102be</value>
         <object_component_ref idref="oc-256"/>
      </symbol>
      <symbol id="sm-793">
         <name>_c_int00</name>
         <value>0xfe22</value>
         <object_component_ref idref="oc-159"/>
      </symbol>
      <symbol id="sm-794">
         <name>__stack</name>
         <value>0x400</value>
         <object_component_ref idref="oc-15a"/>
      </symbol>
      <symbol id="sm-7a3">
         <name>__args_main</name>
         <value>0x101f6</value>
         <object_component_ref idref="oc-23d"/>
      </symbol>
      <symbol id="sm-7af">
         <name>__system_post_cinit</name>
         <value>0x102c4</value>
         <object_component_ref idref="oc-23c"/>
      </symbol>
      <symbol id="sm-7bb">
         <name>__system_pre_init</name>
         <value>0x102c2</value>
         <object_component_ref idref="oc-23a"/>
      </symbol>
      <symbol id="sm-7ca">
         <name>_copy_in</name>
         <value>0x10061</value>
         <object_component_ref idref="oc-23b"/>
      </symbol>
      <symbol id="sm-7d2">
         <name>_cos</name>
         <value>0xfef5</value>
         <object_component_ref idref="oc-174"/>
      </symbol>
      <symbol id="sm-7da">
         <name>_FPUcosTableEnd</name>
         <value>0x3fdd62</value>
         <object_component_ref idref="oc-178"/>
      </symbol>
      <symbol id="sm-7db">
         <name>_FPUatan2TableEnd</name>
         <value>0x3fdeec</value>
         <object_component_ref idref="oc-178"/>
      </symbol>
      <symbol id="sm-7dc">
         <name>_FPUatan2Table</name>
         <value>0x3fdd66</value>
         <object_component_ref idref="oc-178"/>
      </symbol>
      <symbol id="sm-7dd">
         <name>_FPUsinTable</name>
         <value>0x3fd860</value>
         <object_component_ref idref="oc-178"/>
      </symbol>
      <symbol id="sm-7de">
         <name>_FPUcosTable</name>
         <value>0x3fd960</value>
         <object_component_ref idref="oc-178"/>
      </symbol>
      <symbol id="sm-7df">
         <name>_FPUatan2HalfPITable</name>
         <value>0x3fdd62</value>
         <object_component_ref idref="oc-178"/>
      </symbol>
      <symbol id="sm-7e0">
         <name>_FPUsinTableEnd</name>
         <value>0x3fdc60</value>
         <object_component_ref idref="oc-178"/>
      </symbol>
      <symbol id="sm-7f4">
         <name>C$$EXIT</name>
         <value>0x10010</value>
         <object_component_ref idref="oc-23e"/>
      </symbol>
      <symbol id="sm-7f5">
         <name>_exit</name>
         <value>0x10012</value>
         <object_component_ref idref="oc-23e"/>
      </symbol>
      <symbol id="sm-7f6">
         <name>___TI_cleanup_ptr</name>
         <value>0xaa74</value>
         <object_component_ref idref="oc-17b"/>
      </symbol>
      <symbol id="sm-7f7">
         <name>___TI_enable_exit_profile_output</name>
         <value>0xaa72</value>
         <object_component_ref idref="oc-17b"/>
      </symbol>
      <symbol id="sm-7f8">
         <name>_abort</name>
         <value>0x10010</value>
         <object_component_ref idref="oc-23e"/>
      </symbol>
      <symbol id="sm-7f9">
         <name>___TI_dtors_ptr</name>
         <value>0xaa76</value>
         <object_component_ref idref="oc-17b"/>
      </symbol>
      <symbol id="sm-80d">
         <name>__unlock</name>
         <value>0xae1c</value>
         <object_component_ref idref="oc-258"/>
      </symbol>
      <symbol id="sm-80e">
         <name>__lock</name>
         <value>0xae1a</value>
         <object_component_ref idref="oc-245"/>
      </symbol>
      <symbol id="sm-80f">
         <name>__register_lock</name>
         <value>0x1029b</value>
         <object_component_ref idref="oc-252"/>
      </symbol>
      <symbol id="sm-810">
         <name>__nop</name>
         <value>0x1029f</value>
         <object_component_ref idref="oc-252"/>
      </symbol>
      <symbol id="sm-811">
         <name>__register_unlock</name>
         <value>0x10297</value>
         <object_component_ref idref="oc-252"/>
      </symbol>
      <symbol id="sm-827">
         <name>_floorf</name>
         <value>0xfdcb</value>
         <object_component_ref idref="oc-254"/>
      </symbol>
      <symbol id="sm-828">
         <name>_floor</name>
         <value>0xfdcb</value>
         <object_component_ref idref="oc-254"/>
      </symbol>
      <symbol id="sm-839">
         <name>_memcpy</name>
         <value>0x1014a</value>
         <object_component_ref idref="oc-243"/>
      </symbol>
      <symbol id="sm-841">
         <name>_sin</name>
         <value>0xff29</value>
         <object_component_ref idref="oc-190"/>
      </symbol>
      <symbol id="sm-855">
         <name>_snprintf</name>
         <value>0xfd71</value>
         <object_component_ref idref="oc-255"/>
      </symbol>
      <symbol id="sm-980">
         <name>___TI_printfi</name>
         <value>0xcae3</value>
         <object_component_ref idref="oc-259"/>
      </symbol>
      <symbol id="sm-990">
         <name>FD$$CMP</name>
         <value>0xffbc</value>
         <object_component_ref idref="oc-1a0"/>
      </symbol>
      <symbol id="sm-9a7">
         <name>FD$$DIV</name>
         <value>0xfb14</value>
         <object_component_ref idref="oc-1a5"/>
      </symbol>
      <symbol id="sm-9b9">
         <name>FD$$MPY</name>
         <value>0xfb9f</value>
         <object_component_ref idref="oc-1aa"/>
      </symbol>
      <symbol id="sm-9c6">
         <name>FD$$NEG</name>
         <value>0x102a0</value>
         <object_component_ref idref="oc-1af"/>
      </symbol>
      <symbol id="sm-9d2">
         <name>FD$$SUB</name>
         <value>0x10264</value>
         <object_component_ref idref="oc-1b4"/>
      </symbol>
      <symbol id="sm-9ed">
         <name>FD$$ADD</name>
         <value>0xfa78</value>
         <object_component_ref idref="oc-1b9"/>
      </symbol>
      <symbol id="sm-9fc">
         <name>FD$$TOI</name>
         <value>0x100cb</value>
         <object_component_ref idref="oc-1be"/>
      </symbol>
      <symbol id="sm-a0b">
         <name>FD$$TOL</name>
         <value>0x1010d</value>
         <object_component_ref idref="oc-1c3"/>
      </symbol>
      <symbol id="sm-a1b">
         <name>FS$$TOFD</name>
         <value>0x101a3</value>
         <object_component_ref idref="oc-1c8"/>
      </symbol>
      <symbol id="sm-a2b">
         <name>I$$TOFD</name>
         <value>0x10186</value>
         <object_component_ref idref="oc-1cd"/>
      </symbol>
      <symbol id="sm-a3b">
         <name>L$$TOFD</name>
         <value>0x101bf</value>
         <object_component_ref idref="oc-1d2"/>
      </symbol>
      <symbol id="sm-a47">
         <name>LL$$AND</name>
         <value>0x10228</value>
         <object_component_ref idref="oc-1d7"/>
      </symbol>
      <symbol id="sm-a48">
         <name>LL$$OR</name>
         <value>0x10230</value>
         <object_component_ref idref="oc-1d7"/>
      </symbol>
      <symbol id="sm-a49">
         <name>LL$$XOR</name>
         <value>0x10238</value>
         <object_component_ref idref="oc-1d7"/>
      </symbol>
      <symbol id="sm-a57">
         <name>ULL$$CMP</name>
         <value>0x1013e</value>
         <object_component_ref idref="oc-1dc"/>
      </symbol>
      <symbol id="sm-a58">
         <name>LL$$CMP</name>
         <value>0x1012c</value>
         <object_component_ref idref="oc-1dc"/>
      </symbol>
      <symbol id="sm-a84">
         <name>ULL$$MOD</name>
         <value>0xf55d</value>
         <object_component_ref idref="oc-1e1"/>
      </symbol>
      <symbol id="sm-a85">
         <name>ULL$$DIV</name>
         <value>0xf52e</value>
         <object_component_ref idref="oc-1e1"/>
      </symbol>
      <symbol id="sm-a86">
         <name>LL$$MOD</name>
         <value>0xf4f4</value>
         <object_component_ref idref="oc-1e1"/>
      </symbol>
      <symbol id="sm-a87">
         <name>LL$$DIV</name>
         <value>0xf4b8</value>
         <object_component_ref idref="oc-1e1"/>
      </symbol>
      <symbol id="sm-a9b">
         <name>_atoi</name>
         <value>0xff5d</value>
         <object_component_ref idref="oc-25b"/>
      </symbol>
      <symbol id="sm-aa3">
         <name>__ctypes_</name>
         <value>0xa67c</value>
         <object_component_ref idref="oc-263"/>
      </symbol>
      <symbol id="sm-ab6">
         <name>_frexpl</name>
         <value>0xfd17</value>
         <object_component_ref idref="oc-25e"/>
      </symbol>
      <symbol id="sm-ad3">
         <name>_scalbnl</name>
         <value>0xf871</value>
         <object_component_ref idref="oc-25f"/>
      </symbol>
      <symbol id="sm-ad4">
         <name>_ldexpl</name>
         <value>0xf871</value>
         <object_component_ref idref="oc-25f"/>
      </symbol>
      <symbol id="sm-ae1">
         <name>_copysignl</name>
         <value>0x10085</value>
         <object_component_ref idref="oc-266"/>
      </symbol>
      <symbol id="sm-aeb">
         <name>_errno</name>
         <value>0xae22</value>
         <object_component_ref idref="oc-200"/>
      </symbol>
      <symbol id="sm-af9">
         <name>_ltoa</name>
         <value>0xff8e</value>
         <object_component_ref idref="oc-25d"/>
      </symbol>
      <symbol id="sm-b05">
         <name>UL$$MOD</name>
         <value>0x1000a</value>
         <object_component_ref idref="oc-207"/>
      </symbol>
      <symbol id="sm-b06">
         <name>L$$MOD</name>
         <value>0xfff5</value>
         <object_component_ref idref="oc-207"/>
      </symbol>
      <symbol id="sm-b07">
         <name>L$$DIV</name>
         <value>0xffe6</value>
         <object_component_ref idref="oc-207"/>
      </symbol>
      <symbol id="sm-b08">
         <name>UL$$DIV</name>
         <value>0x10003</value>
         <object_component_ref idref="oc-207"/>
      </symbol>
      <symbol id="sm-b17">
         <name>_memccpy</name>
         <value>0x10272</value>
         <object_component_ref idref="oc-262"/>
      </symbol>
      <symbol id="sm-b25">
         <name>_memset</name>
         <value>0x1027f</value>
         <object_component_ref idref="oc-261"/>
      </symbol>
      <symbol id="sm-b2d">
         <name>_sqrt</name>
         <value>0x100ec</value>
         <object_component_ref idref="oc-216"/>
      </symbol>
      <symbol id="sm-b3c">
         <name>_strchr</name>
         <value>0x1028b</value>
         <object_component_ref idref="oc-260"/>
      </symbol>
      <symbol id="sm-b49">
         <name>_strcpy</name>
         <value>0x102b9</value>
         <object_component_ref idref="oc-257"/>
      </symbol>
      <symbol id="sm-b56">
         <name>_strlen</name>
         <value>0x102b1</value>
         <object_component_ref idref="oc-25c"/>
      </symbol>
      <symbol id="sm-b66">
         <name>_strncpy</name>
         <value>0x10168</value>
         <object_component_ref idref="oc-249"/>
      </symbol>
      <symbol id="sm-b98">
         <name>_strtod</name>
         <value>0xf28c</value>
         <object_component_ref idref="oc-25a"/>
      </symbol>
      <symbol id="sm-b99">
         <name>_strtof</name>
         <value>0xf28c</value>
         <object_component_ref idref="oc-25a"/>
      </symbol>
   </symbol_table>
   <title>Link successful</title>
</link_info>
